Archive member included to satisfy reference by file (symbol)

c:/st/stm32cubeide_1.5.0/stm32cubeide/plugins/com.st.stm32cube.ide.mcu.externaltools.gnu-tools-for-stm32.7-2018-q2-update.win32_1.5.0.202011040924/tools/bin/../lib/gcc/arm-none-eabi/7.3.1/../../../../arm-none-eabi/lib/thumb/v7-m\libc_nano.a(lib_a-atoi.o)
                              Core/Src/main.o (atoi)
c:/st/stm32cubeide_1.5.0/stm32cubeide/plugins/com.st.stm32cube.ide.mcu.externaltools.gnu-tools-for-stm32.7-2018-q2-update.win32_1.5.0.202011040924/tools/bin/../lib/gcc/arm-none-eabi/7.3.1/../../../../arm-none-eabi/lib/thumb/v7-m\libc_nano.a(lib_a-errno.o)
                              Core/Src/syscalls.o (__errno)
c:/st/stm32cubeide_1.5.0/stm32cubeide/plugins/com.st.stm32cube.ide.mcu.externaltools.gnu-tools-for-stm32.7-2018-q2-update.win32_1.5.0.202011040924/tools/bin/../lib/gcc/arm-none-eabi/7.3.1/../../../../arm-none-eabi/lib/thumb/v7-m\libc_nano.a(lib_a-exit.o)
                              c:/st/stm32cubeide_1.5.0/stm32cubeide/plugins/com.st.stm32cube.ide.mcu.externaltools.gnu-tools-for-stm32.7-2018-q2-update.win32_1.5.0.202011040924/tools/bin/../lib/gcc/arm-none-eabi/7.3.1/../../../../arm-none-eabi/lib/thumb/v7-m/crt0.o (exit)
c:/st/stm32cubeide_1.5.0/stm32cubeide/plugins/com.st.stm32cube.ide.mcu.externaltools.gnu-tools-for-stm32.7-2018-q2-update.win32_1.5.0.202011040924/tools/bin/../lib/gcc/arm-none-eabi/7.3.1/../../../../arm-none-eabi/lib/thumb/v7-m\libc_nano.a(lib_a-impure.o)
                              c:/st/stm32cubeide_1.5.0/stm32cubeide/plugins/com.st.stm32cube.ide.mcu.externaltools.gnu-tools-for-stm32.7-2018-q2-update.win32_1.5.0.202011040924/tools/bin/../lib/gcc/arm-none-eabi/7.3.1/../../../../arm-none-eabi/lib/thumb/v7-m\libc_nano.a(lib_a-exit.o) (_global_impure_ptr)
c:/st/stm32cubeide_1.5.0/stm32cubeide/plugins/com.st.stm32cube.ide.mcu.externaltools.gnu-tools-for-stm32.7-2018-q2-update.win32_1.5.0.202011040924/tools/bin/../lib/gcc/arm-none-eabi/7.3.1/../../../../arm-none-eabi/lib/thumb/v7-m\libc_nano.a(lib_a-init.o)
                              c:/st/stm32cubeide_1.5.0/stm32cubeide/plugins/com.st.stm32cube.ide.mcu.externaltools.gnu-tools-for-stm32.7-2018-q2-update.win32_1.5.0.202011040924/tools/bin/../lib/gcc/arm-none-eabi/7.3.1/../../../../arm-none-eabi/lib/thumb/v7-m/crt0.o (__libc_init_array)
c:/st/stm32cubeide_1.5.0/stm32cubeide/plugins/com.st.stm32cube.ide.mcu.externaltools.gnu-tools-for-stm32.7-2018-q2-update.win32_1.5.0.202011040924/tools/bin/../lib/gcc/arm-none-eabi/7.3.1/../../../../arm-none-eabi/lib/thumb/v7-m\libc_nano.a(lib_a-itoa.o)
                              Core/Src/relogio.o (itoa)
c:/st/stm32cubeide_1.5.0/stm32cubeide/plugins/com.st.stm32cube.ide.mcu.externaltools.gnu-tools-for-stm32.7-2018-q2-update.win32_1.5.0.202011040924/tools/bin/../lib/gcc/arm-none-eabi/7.3.1/../../../../arm-none-eabi/lib/thumb/v7-m\libc_nano.a(lib_a-memset.o)
                              c:/st/stm32cubeide_1.5.0/stm32cubeide/plugins/com.st.stm32cube.ide.mcu.externaltools.gnu-tools-for-stm32.7-2018-q2-update.win32_1.5.0.202011040924/tools/bin/../lib/gcc/arm-none-eabi/7.3.1/../../../../arm-none-eabi/lib/thumb/v7-m/crt0.o (memset)
c:/st/stm32cubeide_1.5.0/stm32cubeide/plugins/com.st.stm32cube.ide.mcu.externaltools.gnu-tools-for-stm32.7-2018-q2-update.win32_1.5.0.202011040924/tools/bin/../lib/gcc/arm-none-eabi/7.3.1/../../../../arm-none-eabi/lib/thumb/v7-m\libc_nano.a(lib_a-strcmp.o)
                              Core/Src/main.o (strcmp)
c:/st/stm32cubeide_1.5.0/stm32cubeide/plugins/com.st.stm32cube.ide.mcu.externaltools.gnu-tools-for-stm32.7-2018-q2-update.win32_1.5.0.202011040924/tools/bin/../lib/gcc/arm-none-eabi/7.3.1/../../../../arm-none-eabi/lib/thumb/v7-m\libc_nano.a(lib_a-strcpy.o)
                              Core/Src/capsules.o (strcpy)
c:/st/stm32cubeide_1.5.0/stm32cubeide/plugins/com.st.stm32cube.ide.mcu.externaltools.gnu-tools-for-stm32.7-2018-q2-update.win32_1.5.0.202011040924/tools/bin/../lib/gcc/arm-none-eabi/7.3.1/../../../../arm-none-eabi/lib/thumb/v7-m\libc_nano.a(lib_a-strtol.o)
                              c:/st/stm32cubeide_1.5.0/stm32cubeide/plugins/com.st.stm32cube.ide.mcu.externaltools.gnu-tools-for-stm32.7-2018-q2-update.win32_1.5.0.202011040924/tools/bin/../lib/gcc/arm-none-eabi/7.3.1/../../../../arm-none-eabi/lib/thumb/v7-m\libc_nano.a(lib_a-atoi.o) (_strtol_r)
c:/st/stm32cubeide_1.5.0/stm32cubeide/plugins/com.st.stm32cube.ide.mcu.externaltools.gnu-tools-for-stm32.7-2018-q2-update.win32_1.5.0.202011040924/tools/bin/../lib/gcc/arm-none-eabi/7.3.1/../../../../arm-none-eabi/lib/thumb/v7-m\libc_nano.a(lib_a-utoa.o)
                              c:/st/stm32cubeide_1.5.0/stm32cubeide/plugins/com.st.stm32cube.ide.mcu.externaltools.gnu-tools-for-stm32.7-2018-q2-update.win32_1.5.0.202011040924/tools/bin/../lib/gcc/arm-none-eabi/7.3.1/../../../../arm-none-eabi/lib/thumb/v7-m\libc_nano.a(lib_a-itoa.o) (__utoa)
[...]
Memory Configuration

Name             Origin             Length             Attributes
RAM              0x0000000020000000 0x0000000000005000 xrw
FLASH            0x0000000008000000 0x0000000000010000 xr
*default*        0x0000000000000000 0xffffffffffffffff

Linker script and memory map

LOAD c:/st/stm32cubeide_1.5.0/stm32cubeide/plugins/com.st.stm32cube.ide.mcu.externaltools.gnu-tools-for-stm32.7-2018-q2-update.win32_1.5.0.202011040924/tools/bin/../lib/gcc/arm-none-eabi/7.3.1/thumb/v7-m/crti.o
LOAD c:/st/stm32cubeide_1.5.0/stm32cubeide/plugins/com.st.stm32cube.ide.mcu.externaltools.gnu-tools-for-stm32.7-2018-q2-update.win32_1.5.0.202011040924/tools/bin/../lib/gcc/arm-none-eabi/7.3.1/thumb/v7-m/crtbegin.o
LOAD c:/st/stm32cubeide_1.5.0/stm32cubeide/plugins/com.st.stm32cube.ide.mcu.externaltools.gnu-tools-for-stm32.7-2018-q2-update.win32_1.5.0.202011040924/tools/bin/../lib/gcc/arm-none-eabi/7.3.1/../../../../arm-none-eabi/lib/thumb/v7-m/crt0.o
LOAD Core/Src/DWT_Delay.o
LOAD Core/Src/LCD16x2.o
LOAD Core/Src/LCD16x2_cfg.o
LOAD Core/Src/Timer_Delay.o
LOAD Core/Src/capsules.o
LOAD Core/Src/main.o
LOAD Core/Src/relogio.o
LOAD Core/Src/stm32f1xx_hal_msp.o
LOAD Core/Src/stm32f1xx_it.o
LOAD Core/Src/syscalls.o
LOAD Core/Src/sysmem.o
LOAD Core/Src/system_stm32f1xx.o
LOAD Core/Startup/startup_stm32f103c8tx.o
LOAD Drivers/STM32F1xx_HAL_Driver/Src/stm32f1xx_hal.o
LOAD Drivers/STM32F1xx_HAL_Driver/Src/stm32f1xx_hal_adc.o
LOAD Drivers/STM32F1xx_HAL_Driver/Src/stm32f1xx_hal_adc_ex.o
LOAD Drivers/STM32F1xx_HAL_Driver/Src/stm32f1xx_hal_cortex.o
LOAD Drivers/STM32F1xx_HAL_Driver/Src/stm32f1xx_hal_dma.o
LOAD Drivers/STM32F1xx_HAL_Driver/Src/stm32f1xx_hal_exti.o
LOAD Drivers/STM32F1xx_HAL_Driver/Src/stm32f1xx_hal_flash.o
LOAD Drivers/STM32F1xx_HAL_Driver/Src/stm32f1xx_hal_flash_ex.o
LOAD Drivers/STM32F1xx_HAL_Driver/Src/stm32f1xx_hal_gpio.o
LOAD Drivers/STM32F1xx_HAL_Driver/Src/stm32f1xx_hal_gpio_ex.o
LOAD Drivers/STM32F1xx_HAL_Driver/Src/stm32f1xx_hal_pwr.o
LOAD Drivers/STM32F1xx_HAL_Driver/Src/stm32f1xx_hal_rcc.o
LOAD Drivers/STM32F1xx_HAL_Driver/Src/stm32f1xx_hal_rcc_ex.o
LOAD Drivers/STM32F1xx_HAL_Driver/Src/stm32f1xx_hal_tim.o
LOAD Drivers/STM32F1xx_HAL_Driver/Src/stm32f1xx_hal_tim_ex.o
START GROUP
LOAD c:/st/stm32cubeide_1.5.0/stm32cubeide/plugins/com.st.stm32cube.ide.mcu.externaltools.gnu-tools-for-stm32.7-2018-q2-update.win32_1.5.0.202011040924/tools/bin/../lib/gcc/arm-none-eabi/7.3.1/../../../../arm-none-eabi/lib/thumb/v7-m\libc_nano.a
LOAD c:/st/stm32cubeide_1.5.0/stm32cubeide/plugins/com.st.stm32cube.ide.mcu.externaltools.gnu-tools-for-stm32.7-2018-q2-update.win32_1.5.0.202011040924/tools/bin/../lib/gcc/arm-none-eabi/7.3.1/../../../../arm-none-eabi/lib/thumb/v7-m\libm.a
END GROUP
START GROUP
LOAD c:/st/stm32cubeide_1.5.0/stm32cubeide/plugins/com.st.stm32cube.ide.mcu.externaltools.gnu-tools-for-stm32.7-2018-q2-update.win32_1.5.0.202011040924/tools/bin/../lib/gcc/arm-none-eabi/7.3.1/thumb/v7-m\libgcc.a
LOAD c:/st/stm32cubeide_1.5.0/stm32cubeide/plugins/com.st.stm32cube.ide.mcu.externaltools.gnu-tools-for-stm32.7-2018-q2-update.win32_1.5.0.202011040924/tools/bin/../lib/gcc/arm-none-eabi/7.3.1/../../../../arm-none-eabi/lib/thumb/v7-m\libc_nano.a
END GROUP
START GROUP
LOAD c:/st/stm32cubeide_1.5.0/stm32cubeide/plugins/com.st.stm32cube.ide.mcu.externaltools.gnu-tools-for-stm32.7-2018-q2-update.win32_1.5.0.202011040924/tools/bin/../lib/gcc/arm-none-eabi/7.3.1/thumb/v7-m\libgcc.a
LOAD c:/st/stm32cubeide_1.5.0/stm32cubeide/plugins/com.st.stm32cube.ide.mcu.externaltools.gnu-tools-for-stm32.7-2018-q2-update.win32_1.5.0.202011040924/tools/bin/../lib/gcc/arm-none-eabi/7.3.1/../../../../arm-none-eabi/lib/thumb/v7-m\libc_nano.a
LOAD c:/st/stm32cubeide_1.5.0/stm32cubeide/plugins/com.st.stm32cube.ide.mcu.externaltools.gnu-tools-for-stm32.7-2018-q2-update.win32_1.5.0.202011040924/tools/bin/../lib/gcc/arm-none-eabi/7.3.1/../../../../arm-none-eabi/lib/thumb/v7-m\libnosys.a
END GROUP
START GROUP
LOAD c:/st/stm32cubeide_1.5.0/stm32cubeide/plugins/com.st.stm32cube.ide.mcu.externaltools.gnu-tools-for-stm32.7-2018-q2-update.win32_1.5.0.202011040924/tools/bin/../lib/gcc/arm-none-eabi/7.3.1/thumb/v7-m\libgcc.a
LOAD c:/st/stm32cubeide_1.5.0/stm32cubeide/plugins/com.st.stm32cube.ide.mcu.externaltools.gnu-tools-for-stm32.7-2018-q2-update.win32_1.5.0.202011040924/tools/bin/../lib/gcc/arm-none-eabi/7.3.1/../../../../arm-none-eabi/lib/thumb/v7-m\libc_nano.a
LOAD c:/st/stm32cubeide_1.5.0/stm32cubeide/plugins/com.st.stm32cube.ide.mcu.externaltools.gnu-tools-for-stm32.7-2018-q2-update.win32_1.5.0.202011040924/tools/bin/../lib/gcc/arm-none-eabi/7.3.1/../../../../arm-none-eabi/lib/thumb/v7-m\libnosys.a
END GROUP
LOAD c:/st/stm32cubeide_1.5.0/stm32cubeide/plugins/com.st.stm32cube.ide.mcu.externaltools.gnu-tools-for-stm32.7-2018-q2-update.win32_1.5.0.202011040924/tools/bin/../lib/gcc/arm-none-eabi/7.3.1/thumb/v7-m/crtend.o
LOAD c:/st/stm32cubeide_1.5.0/stm32cubeide/plugins/com.st.stm32cube.ide.mcu.externaltools.gnu-tools-for-stm32.7-2018-q2-update.win32_1.5.0.202011040924/tools/bin/../lib/gcc/arm-none-eabi/7.3.1/thumb/v7-m/crtn.o
                0x0000000020005000                _estack = (ORIGIN (RAM) + LENGTH (RAM))
                0x0000000000000200                _Min_Heap_Size = 0x200
                0x0000000000000400                _Min_Stack_Size = 0x400

.isr_vector     0x0000000008000000      0x10c
                0x0000000008000000                . = ALIGN (0x4)
 *(.isr_vector)
 .isr_vector    0x0000000008000000      0x10c Core/Startup/startup_stm32f103c8tx.o
                0x0000000008000000                g_pfnVectors
                0x000000000800010c                . = ALIGN (0x4)

.text           0x0000000008000110     0x5ef8
                0x0000000008000110                . = ALIGN (0x4)
 *(.text)
 .text          0x0000000008000110       0x40 c:/st/stm32cubeide_1.5.0/stm32cubeide/plugins/com.st.stm32cube.ide.mcu.externaltools.gnu-tools-for-stm32.7-2018-q2-update.win32_1.5.0.202011040924/tools/bin/../lib/gcc/arm-none-eabi/7.3.1/thumb/v7-m/crtbegin.o
 .text          0x0000000008000150       0x14 c:/st/stm32cubeide_1.5.0/stm32cubeide/plugins/com.st.stm32cube.ide.mcu.externaltools.gnu-tools-for-stm32.7-2018-q2-update.win32_1.5.0.202011040924/tools/bin/../lib/gcc/arm-none-eabi/7.3.1/../../../../arm-none-eabi/lib/thumb/v7-m\libc_nano.a(lib_a-strcmp.o)
                0x0000000008000150                strcmp
 .text          0x0000000008000164      0x378 c:/st/stm32cubeide_1.5.0/stm32cubeide/plugins/com.st.stm32cube.ide.mcu.externaltools.gnu-tools-for-stm32.7-2018-q2-update.win32_1.5.0.202011040924/tools/bin/../lib/gcc/arm-none-eabi/7.3.1/thumb/v7-m\libgcc.a(_arm_addsubdf3.o)
                0x0000000008000164                __aeabi_drsub
                0x000000000800016c                __aeabi_dsub
                0x000000000800016c                __subdf3
                0x0000000008000170                __aeabi_dadd
                0x0000000008000170                __adddf3
                0x00000000080003e8                __floatunsidf
                0x00000000080003e8                __aeabi_ui2d
                0x0000000008000408                __floatsidf
                0x0000000008000408                __aeabi_i2d
                0x000000000800042c                __aeabi_f2d
                0x000000000800042c                __extendsfdf2
                0x0000000008000470                __floatundidf
                0x0000000008000470                __aeabi_ul2d
                0x0000000008000480                __floatdidf
                0x0000000008000480                __aeabi_l2d
 .text          0x00000000080004dc      0x424 c:/st/stm32cubeide_1.5.0/stm32cubeide/plugins/com.st.stm32cube.ide.mcu.externaltools.gnu-tools-for-stm32.7-2018-q2-update.win32_1.5.0.202011040924/tools/bin/../lib/gcc/arm-none-eabi/7.3.1/thumb/v7-m\libgcc.a(_arm_muldivdf3.o)
                0x00000000080004dc                __aeabi_dmul
                0x00000000080004dc                __muldf3
                0x0000000008000730                __divdf3
                0x0000000008000730                __aeabi_ddiv
 .text          0x0000000008000900       0x40 c:/st/stm32cubeide_1.5.0/stm32cubeide/plugins/com.st.stm32cube.ide.mcu.externaltools.gnu-tools-for-stm32.7-2018-q2-update.win32_1.5.0.202011040924/tools/bin/../lib/gcc/arm-none-eabi/7.3.1/thumb/v7-m\libgcc.a(_arm_fixunsdfsi.o)
                0x0000000008000900                __aeabi_d2uiz
                0x0000000008000900                __fixunsdfsi
 .text          0x0000000008000940      0x21c c:/st/stm32cubeide_1.5.0/stm32cubeide/plugins/com.st.stm32cube.ide.mcu.externaltools.gnu-tools-for-stm32.7-2018-q2-update.win32_1.5.0.202011040924/tools/bin/../lib/gcc/arm-none-eabi/7.3.1/thumb/v7-m\libgcc.a(_arm_addsubsf3.o)
                0x0000000008000940                __aeabi_frsub
                0x0000000008000948                __subsf3
                0x0000000008000948                __aeabi_fsub
                0x000000000800094c                __aeabi_fadd
                0x000000000800094c                __addsf3
                0x0000000008000aac                __aeabi_ui2f
                0x0000000008000aac                __floatunsisf
                0x0000000008000ab4                __aeabi_i2f
                0x0000000008000ab4                __floatsisf
                0x0000000008000ad0                __aeabi_ul2f
                0x0000000008000ad0                __floatundisf
                0x0000000008000ae0                __aeabi_l2f
                0x0000000008000ae0                __floatdisf
 .text          0x0000000008000b5c      0x2a0 c:/st/stm32cubeide_1.5.0/stm32cubeide/plugins/com.st.stm32cube.ide.mcu.externaltools.gnu-tools-for-stm32.7-2018-q2-update.win32_1.5.0.202011040924/tools/bin/../lib/gcc/arm-none-eabi/7.3.1/thumb/v7-m\libgcc.a(_arm_muldivsf3.o)
                0x0000000008000b5c                __mulsf3
                0x0000000008000b5c                __aeabi_fmul
                0x0000000008000cc4                __aeabi_fdiv
                0x0000000008000cc4                __divsf3
 .text          0x0000000008000dfc       0xec c:/st/stm32cubeide_1.5.0/stm32cubeide/plugins/com.st.stm32cube.ide.mcu.externaltools.gnu-tools-for-stm32.7-2018-q2-update.win32_1.5.0.202011040924/tools/bin/../lib/gcc/arm-none-eabi/7.3.1/thumb/v7-m\libgcc.a(_arm_cmpsf2.o)
                0x0000000008000dfc                __gesf2
                0x0000000008000dfc                __gtsf2
                0x0000000008000e04                __lesf2
                0x0000000008000e04                __ltsf2
                0x0000000008000e0c                __nesf2
                0x0000000008000e0c                __eqsf2
                0x0000000008000e0c                __cmpsf2
                0x0000000008000e6c                __aeabi_cfrcmple
                0x0000000008000e74                __aeabi_cfcmpeq
                0x0000000008000e74                __aeabi_cfcmple
                0x0000000008000e84                __aeabi_fcmpeq
                0x0000000008000e98                __aeabi_fcmplt
                0x0000000008000eac                __aeabi_fcmple
                0x0000000008000ec0                __aeabi_fcmpge
                0x0000000008000ed4                __aeabi_fcmpgt
 .text          0x0000000008000ee8       0x40 c:/st/stm32cubeide_1.5.0/stm32cubeide/plugins/com.st.stm32cube.ide.mcu.externaltools.gnu-tools-for-stm32.7-2018-q2-update.win32_1.5.0.202011040924/tools/bin/../lib/gcc/arm-none-eabi/7.3.1/thumb/v7-m\libgcc.a(_arm_fixunssfsi.o)
                0x0000000008000ee8                __fixunssfsi
                0x0000000008000ee8                __aeabi_f2uiz
 *(.text*)
 .text.DWT_Delay_Init
                0x0000000008000f28       0x60 Core/Src/DWT_Delay.o
                0x0000000008000f28                DWT_Delay_Init
 .text.DWT_Delay_us
                0x0000000008000f88       0x4c Core/Src/LCD16x2.o
 .text.DWT_Delay_ms
                0x0000000008000fd4       0x48 Core/Src/LCD16x2.o
 .text.LCD_DATA
                0x000000000800101c       0xc8 Core/Src/LCD16x2.o
                0x000000000800101c                LCD_DATA
 .text.LCD_CMD  0x00000000080010e4       0x64 Core/Src/LCD16x2.o
                0x00000000080010e4                LCD_CMD
 .text.LCD_Clear
                0x0000000008001148       0x14 Core/Src/LCD16x2.o
                0x0000000008001148                LCD_Clear
 .text.LCD_Set_Cursor
                0x000000000800115c       0x72 Core/Src/LCD16x2.o
                0x000000000800115c                LCD_Set_Cursor
 *fill*         0x00000000080011ce        0x2 
 .text.LCD_Init
                0x00000000080011d0      0x1f0 Core/Src/LCD16x2.o
                0x00000000080011d0                LCD_Init
 .text.LCD_Write_Char
                0x00000000080013c0       0xb4 Core/Src/LCD16x2.o
                0x00000000080013c0                LCD_Write_Char
 .text.LCD_Write_String
                0x0000000008001474       0x36 Core/Src/LCD16x2.o
                0x0000000008001474                LCD_Write_String
 *fill*         0x00000000080014aa        0x2 
 .text.capsules_init
                0x00000000080014ac      0x270 Core/Src/capsules.o
                0x00000000080014ac                capsules_init
 .text.capsules_get_value
                0x000000000800171c       0x80 Core/Src/capsules.o
                0x000000000800171c                capsules_get_value
 *fill*         0x000000000800179c        0x4 
 .text.main     0x00000000080017a0      0xd84 Core/Src/main.o
                0x00000000080017a0                main
 .text.SystemClock_Config
                0x0000000008002524       0xae Core/Src/main.o
                0x0000000008002524                SystemClock_Config
 *fill*         0x00000000080025d2        0x2 
 .text.MX_ADC1_Init
                0x00000000080025d4      0x188 Core/Src/main.o
 .text.MX_TIM2_Init
                0x000000000800275c      0x118 Core/Src/main.o
 .text.MX_TIM3_Init
                0x0000000008002874       0x9c Core/Src/main.o
 .text.MX_TIM4_Init
                0x0000000008002910       0x9c Core/Src/main.o
 .text.MX_DMA_Init
                0x00000000080029ac       0x3c Core/Src/main.o
 .text.MX_GPIO_Init
                0x00000000080029e8      0x148 Core/Src/main.o
 .text.HAL_TIM_PeriodElapsedCallback
                0x0000000008002b30      0x104 Core/Src/main.o
                0x0000000008002b30                HAL_TIM_PeriodElapsedCallback
 .text.HAL_ADC_ConvHalfCpltCallback
                0x0000000008002c34       0x1c Core/Src/main.o
                0x0000000008002c34                HAL_ADC_ConvHalfCpltCallback
 .text.Error_Handler
                0x0000000008002c50        0xc Core/Src/main.o
                0x0000000008002c50                Error_Handler
 .text.atualiza_hora
                0x0000000008002c5c      0x170 Core/Src/relogio.o
                0x0000000008002c5c                atualiza_hora
 .text.HAL_MspInit
                0x0000000008002dcc       0x64 Core/Src/stm32f1xx_hal_msp.o
                0x0000000008002dcc                HAL_MspInit
 .text.HAL_ADC_MspInit
                0x0000000008002e30       0xd0 Core/Src/stm32f1xx_hal_msp.o
                0x0000000008002e30                HAL_ADC_MspInit
 .text.HAL_TIM_Base_MspInit
                0x0000000008002f00       0xa8 Core/Src/stm32f1xx_hal_msp.o
                0x0000000008002f00                HAL_TIM_Base_MspInit
 .text.HAL_TIM_MspPostInit
                0x0000000008002fa8       0x60 Core/Src/stm32f1xx_hal_msp.o
                0x0000000008002fa8                HAL_TIM_MspPostInit
 .text.NMI_Handler
                0x0000000008003008        0xc Core/Src/stm32f1xx_it.o
                0x0000000008003008                NMI_Handler
 .text.HardFault_Handler
                0x0000000008003014        0x6 Core/Src/stm32f1xx_it.o
                0x0000000008003014                HardFault_Handler
 .text.MemManage_Handler
                0x000000000800301a        0x6 Core/Src/stm32f1xx_it.o
                0x000000000800301a                MemManage_Handler
 .text.BusFault_Handler
                0x0000000008003020        0x6 Core/Src/stm32f1xx_it.o
                0x0000000008003020                BusFault_Handler
 .text.UsageFault_Handler
                0x0000000008003026        0x6 Core/Src/stm32f1xx_it.o
                0x0000000008003026                UsageFault_Handler
 .text.SVC_Handler
                0x000000000800302c        0xc Core/Src/stm32f1xx_it.o
                0x000000000800302c                SVC_Handler
 .text.DebugMon_Handler
                0x0000000008003038        0xc Core/Src/stm32f1xx_it.o
                0x0000000008003038                DebugMon_Handler
 .text.PendSV_Handler
                0x0000000008003044        0xc Core/Src/stm32f1xx_it.o
                0x0000000008003044                PendSV_Handler
 .text.SysTick_Handler
                0x0000000008003050        0xc Core/Src/stm32f1xx_it.o
                0x0000000008003050                SysTick_Handler
 .text.DMA1_Channel1_IRQHandler
                0x000000000800305c       0x14 Core/Src/stm32f1xx_it.o
                0x000000000800305c                DMA1_Channel1_IRQHandler
 .text.TIM3_IRQHandler
                0x0000000008003070       0x14 Core/Src/stm32f1xx_it.o
                0x0000000008003070                TIM3_IRQHandler
 .text.TIM4_IRQHandler
                0x0000000008003084       0x14 Core/Src/stm32f1xx_it.o
                0x0000000008003084                TIM4_IRQHandler
 .text.SystemInit
                0x0000000008003098        0xc Core/Src/system_stm32f1xx.o
                0x0000000008003098                SystemInit
 .text.Reset_Handler
                0x00000000080030a4       0x48 Core/Startup/startup_stm32f103c8tx.o
                0x00000000080030a4                Reset_Handler
 .text.Default_Handler
                0x00000000080030ec        0x2 Core/Startup/startup_stm32f103c8tx.o
                0x00000000080030ec                RTC_Alarm_IRQHandler
                0x00000000080030ec                EXTI2_IRQHandler
                0x00000000080030ec                TIM1_CC_IRQHandler
                0x00000000080030ec                PVD_IRQHandler
                0x00000000080030ec                EXTI3_IRQHandler
                0x00000000080030ec                EXTI0_IRQHandler
                0x00000000080030ec                I2C2_EV_IRQHandler
                0x00000000080030ec                ADC1_2_IRQHandler
                0x00000000080030ec                SPI1_IRQHandler
                0x00000000080030ec                TAMPER_IRQHandler
                0x00000000080030ec                DMA1_Channel4_IRQHandler
                0x00000000080030ec                USART3_IRQHandler
                0x00000000080030ec                RTC_IRQHandler
                0x00000000080030ec                DMA1_Channel7_IRQHandler
                0x00000000080030ec                CAN1_RX1_IRQHandler
                0x00000000080030ec                I2C1_EV_IRQHandler
                0x00000000080030ec                DMA1_Channel6_IRQHandler
                0x00000000080030ec                RCC_IRQHandler
                0x00000000080030ec                TIM1_TRG_COM_IRQHandler
                0x00000000080030ec                Default_Handler
                0x00000000080030ec                EXTI15_10_IRQHandler
                0x00000000080030ec                EXTI9_5_IRQHandler
                0x00000000080030ec                SPI2_IRQHandler
                0x00000000080030ec                DMA1_Channel5_IRQHandler
                0x00000000080030ec                EXTI4_IRQHandler
                0x00000000080030ec                USB_LP_CAN1_RX0_IRQHandler
                0x00000000080030ec                USB_HP_CAN1_TX_IRQHandler
                0x00000000080030ec                DMA1_Channel3_IRQHandler
                0x00000000080030ec                TIM1_UP_IRQHandler
                0x00000000080030ec                WWDG_IRQHandler
                0x00000000080030ec                TIM2_IRQHandler
                0x00000000080030ec                TIM1_BRK_IRQHandler
                0x00000000080030ec                EXTI1_IRQHandler
                0x00000000080030ec                USART2_IRQHandler
                0x00000000080030ec                I2C2_ER_IRQHandler
                0x00000000080030ec                DMA1_Channel2_IRQHandler
                0x00000000080030ec                CAN1_SCE_IRQHandler
                0x00000000080030ec                FLASH_IRQHandler
                0x00000000080030ec                USART1_IRQHandler
                0x00000000080030ec                I2C1_ER_IRQHandler
                0x00000000080030ec                USBWakeUp_IRQHandler
 *fill*         0x00000000080030ee        0x2 
 .text.HAL_Init
                0x00000000080030f0       0x2c Drivers/STM32F1xx_HAL_Driver/Src/stm32f1xx_hal.o
                0x00000000080030f0                HAL_Init
 .text.HAL_InitTick
                0x000000000800311c       0x60 Drivers/STM32F1xx_HAL_Driver/Src/stm32f1xx_hal.o
                0x000000000800311c                HAL_InitTick
 .text.HAL_IncTick
                0x000000000800317c       0x24 Drivers/STM32F1xx_HAL_Driver/Src/stm32f1xx_hal.o
                0x000000000800317c                HAL_IncTick
 .text.HAL_GetTick
                0x00000000080031a0       0x14 Drivers/STM32F1xx_HAL_Driver/Src/stm32f1xx_hal.o
                0x00000000080031a0                HAL_GetTick
 .text.HAL_Delay
                0x00000000080031b4       0x44 Drivers/STM32F1xx_HAL_Driver/Src/stm32f1xx_hal.o
                0x00000000080031b4                HAL_Delay
 .text.HAL_ADC_Init
                0x00000000080031f8      0x1b0 Drivers/STM32F1xx_HAL_Driver/Src/stm32f1xx_hal_adc.o
                0x00000000080031f8                HAL_ADC_Init
 .text.HAL_ADC_Start_DMA
                0x00000000080033a8      0x1bc Drivers/STM32F1xx_HAL_Driver/Src/stm32f1xx_hal_adc.o
                0x00000000080033a8                HAL_ADC_Start_DMA
 .text.HAL_ADC_ConvCpltCallback
                0x0000000008003564       0x12 Drivers/STM32F1xx_HAL_Driver/Src/stm32f1xx_hal_adc.o
                0x0000000008003564                HAL_ADC_ConvCpltCallback
 .text.HAL_ADC_ErrorCallback
                0x0000000008003576       0x12 Drivers/STM32F1xx_HAL_Driver/Src/stm32f1xx_hal_adc.o
                0x0000000008003576                HAL_ADC_ErrorCallback
 .text.HAL_ADC_ConfigChannel
                0x0000000008003588      0x1f0 Drivers/STM32F1xx_HAL_Driver/Src/stm32f1xx_hal_adc.o
                0x0000000008003588                HAL_ADC_ConfigChannel
 .text.ADC_Enable
                0x0000000008003778       0xa4 Drivers/STM32F1xx_HAL_Driver/Src/stm32f1xx_hal_adc.o
                0x0000000008003778                ADC_Enable
 .text.ADC_ConversionStop_Disable
                0x000000000800381c       0x74 Drivers/STM32F1xx_HAL_Driver/Src/stm32f1xx_hal_adc.o
                0x000000000800381c                ADC_ConversionStop_Disable
 .text.ADC_DMAConvCplt
                0x0000000008003890       0x7c Drivers/STM32F1xx_HAL_Driver/Src/stm32f1xx_hal_adc.o
                0x0000000008003890                ADC_DMAConvCplt
 .text.ADC_DMAHalfConvCplt
                0x000000000800390c       0x1c Drivers/STM32F1xx_HAL_Driver/Src/stm32f1xx_hal_adc.o
                0x000000000800390c                ADC_DMAHalfConvCplt
 .text.ADC_DMAError
                0x0000000008003928       0x34 Drivers/STM32F1xx_HAL_Driver/Src/stm32f1xx_hal_adc.o
                0x0000000008003928                ADC_DMAError
 .text.HAL_ADCEx_Calibration_Start
                0x000000000800395c      0x138 Drivers/STM32F1xx_HAL_Driver/Src/stm32f1xx_hal_adc_ex.o
                0x000000000800395c                HAL_ADCEx_Calibration_Start
 .text.__NVIC_SetPriorityGrouping
                0x0000000008003a94       0x48 Drivers/STM32F1xx_HAL_Driver/Src/stm32f1xx_hal_cortex.o
 .text.__NVIC_GetPriorityGrouping
                0x0000000008003adc       0x1c Drivers/STM32F1xx_HAL_Driver/Src/stm32f1xx_hal_cortex.o
 .text.__NVIC_EnableIRQ
                0x0000000008003af8       0x38 Drivers/STM32F1xx_HAL_Driver/Src/stm32f1xx_hal_cortex.o
 .text.__NVIC_SetPriority
                0x0000000008003b30       0x54 Drivers/STM32F1xx_HAL_Driver/Src/stm32f1xx_hal_cortex.o
 .text.NVIC_EncodePriority
                0x0000000008003b84       0x64 Drivers/STM32F1xx_HAL_Driver/Src/stm32f1xx_hal_cortex.o
 .text.SysTick_Config
                0x0000000008003be8       0x44 Drivers/STM32F1xx_HAL_Driver/Src/stm32f1xx_hal_cortex.o
 .text.HAL_NVIC_SetPriorityGrouping
                0x0000000008003c2c       0x16 Drivers/STM32F1xx_HAL_Driver/Src/stm32f1xx_hal_cortex.o
                0x0000000008003c2c                HAL_NVIC_SetPriorityGrouping
 .text.HAL_NVIC_SetPriority
                0x0000000008003c42       0x38 Drivers/STM32F1xx_HAL_Driver/Src/stm32f1xx_hal_cortex.o
                0x0000000008003c42                HAL_NVIC_SetPriority
 .text.HAL_NVIC_EnableIRQ
                0x0000000008003c7a       0x1c Drivers/STM32F1xx_HAL_Driver/Src/stm32f1xx_hal_cortex.o
                0x0000000008003c7a                HAL_NVIC_EnableIRQ
 .text.HAL_SYSTICK_Config
                0x0000000008003c96       0x18 Drivers/STM32F1xx_HAL_Driver/Src/stm32f1xx_hal_cortex.o
                0x0000000008003c96                HAL_SYSTICK_Config
 *fill*         0x0000000008003cae        0x2 
 .text.HAL_DMA_Init
                0x0000000008003cb0       0xb4 Drivers/STM32F1xx_HAL_Driver/Src/stm32f1xx_hal_dma.o
                0x0000000008003cb0                HAL_DMA_Init
 .text.HAL_DMA_Start_IT
                0x0000000008003d64       0xbe Drivers/STM32F1xx_HAL_Driver/Src/stm32f1xx_hal_dma.o
                0x0000000008003d64                HAL_DMA_Start_IT
 *fill*         0x0000000008003e22        0x2 
 .text.HAL_DMA_IRQHandler
                0x0000000008003e24      0x20c Drivers/STM32F1xx_HAL_Driver/Src/stm32f1xx_hal_dma.o
                0x0000000008003e24                HAL_DMA_IRQHandler
 .text.DMA_SetConfig
                0x0000000008004030       0x5a Drivers/STM32F1xx_HAL_Driver/Src/stm32f1xx_hal_dma.o
 *fill*         0x000000000800408a        0x2 
 .text.HAL_GPIO_Init
                0x000000000800408c      0x2b4 Drivers/STM32F1xx_HAL_Driver/Src/stm32f1xx_hal_gpio.o
                0x000000000800408c                HAL_GPIO_Init
 .text.HAL_GPIO_ReadPin
                0x0000000008004340       0x2e Drivers/STM32F1xx_HAL_Driver/Src/stm32f1xx_hal_gpio.o
                0x0000000008004340                HAL_GPIO_ReadPin
 .text.HAL_GPIO_WritePin
                0x000000000800436e       0x30 Drivers/STM32F1xx_HAL_Driver/Src/stm32f1xx_hal_gpio.o
                0x000000000800436e                HAL_GPIO_WritePin
 .text.HAL_GPIO_TogglePin
                0x000000000800439e       0x32 Drivers/STM32F1xx_HAL_Driver/Src/stm32f1xx_hal_gpio.o
                0x000000000800439e                HAL_GPIO_TogglePin
 .text.HAL_RCC_OscConfig
                0x00000000080043d0      0x500 Drivers/STM32F1xx_HAL_Driver/Src/stm32f1xx_hal_rcc.o
                0x00000000080043d0                HAL_RCC_OscConfig
 .text.HAL_RCC_ClockConfig
                0x00000000080048d0      0x1d4 Drivers/STM32F1xx_HAL_Driver/Src/stm32f1xx_hal_rcc.o
                0x00000000080048d0                HAL_RCC_ClockConfig
 .text.HAL_RCC_GetSysClockFreq
                0x0000000008004aa4       0xc4 Drivers/STM32F1xx_HAL_Driver/Src/stm32f1xx_hal_rcc.o
                0x0000000008004aa4                HAL_RCC_GetSysClockFreq
 .text.HAL_RCC_GetHCLKFreq
                0x0000000008004b68       0x14 Drivers/STM32F1xx_HAL_Driver/Src/stm32f1xx_hal_rcc.o
                0x0000000008004b68                HAL_RCC_GetHCLKFreq
 .text.HAL_RCC_GetPCLK2Freq
                0x0000000008004b7c       0x28 Drivers/STM32F1xx_HAL_Driver/Src/stm32f1xx_hal_rcc.o
                0x0000000008004b7c                HAL_RCC_GetPCLK2Freq
 .text.RCC_Delay
                0x0000000008004ba4       0x3c Drivers/STM32F1xx_HAL_Driver/Src/stm32f1xx_hal_rcc.o
 .text.HAL_RCCEx_PeriphCLKConfig
                0x0000000008004be0      0x16c Drivers/STM32F1xx_HAL_Driver/Src/stm32f1xx_hal_rcc_ex.o
                0x0000000008004be0                HAL_RCCEx_PeriphCLKConfig
 .text.HAL_RCCEx_GetPeriphCLKFreq
                0x0000000008004d4c      0x178 Drivers/STM32F1xx_HAL_Driver/Src/stm32f1xx_hal_rcc_ex.o
                0x0000000008004d4c                HAL_RCCEx_GetPeriphCLKFreq
 .text.HAL_TIM_Base_Init
                0x0000000008004ec4       0x9e Drivers/STM32F1xx_HAL_Driver/Src/stm32f1xx_hal_tim.o
                0x0000000008004ec4                HAL_TIM_Base_Init
 *fill*         0x0000000008004f62        0x2 
 .text.HAL_TIM_Base_Start_IT
                0x0000000008004f64       0xa4 Drivers/STM32F1xx_HAL_Driver/Src/stm32f1xx_hal_tim.o
                0x0000000008004f64                HAL_TIM_Base_Start_IT
 .text.HAL_TIM_PWM_Init
                0x0000000008005008       0x9e Drivers/STM32F1xx_HAL_Driver/Src/stm32f1xx_hal_tim.o
                0x0000000008005008                HAL_TIM_PWM_Init
 .text.HAL_TIM_PWM_MspInit
                0x00000000080050a6       0x12 Drivers/STM32F1xx_HAL_Driver/Src/stm32f1xx_hal_tim.o
                0x00000000080050a6                HAL_TIM_PWM_MspInit
 .text.HAL_TIM_PWM_Start
                0x00000000080050b8      0x144 Drivers/STM32F1xx_HAL_Driver/Src/stm32f1xx_hal_tim.o
                0x00000000080050b8                HAL_TIM_PWM_Start
 .text.HAL_TIM_IRQHandler
                0x00000000080051fc      0x210 Drivers/STM32F1xx_HAL_Driver/Src/stm32f1xx_hal_tim.o
                0x00000000080051fc                HAL_TIM_IRQHandler
 .text.HAL_TIM_PWM_ConfigChannel
                0x000000000800540c      0x17c Drivers/STM32F1xx_HAL_Driver/Src/stm32f1xx_hal_tim.o
                0x000000000800540c                HAL_TIM_PWM_ConfigChannel
 .text.HAL_TIM_ConfigClockSource
                0x0000000008005588      0x16e Drivers/STM32F1xx_HAL_Driver/Src/stm32f1xx_hal_tim.o
                0x0000000008005588                HAL_TIM_ConfigClockSource
 .text.HAL_TIM_OC_DelayElapsedCallback
                0x00000000080056f6       0x12 Drivers/STM32F1xx_HAL_Driver/Src/stm32f1xx_hal_tim.o
                0x00000000080056f6                HAL_TIM_OC_DelayElapsedCallback
 .text.HAL_TIM_IC_CaptureCallback
                0x0000000008005708       0x12 Drivers/STM32F1xx_HAL_Driver/Src/stm32f1xx_hal_tim.o
                0x0000000008005708                HAL_TIM_IC_CaptureCallback
 .text.HAL_TIM_PWM_PulseFinishedCallback
                0x000000000800571a       0x12 Drivers/STM32F1xx_HAL_Driver/Src/stm32f1xx_hal_tim.o
                0x000000000800571a                HAL_TIM_PWM_PulseFinishedCallback
 .text.HAL_TIM_TriggerCallback
                0x000000000800572c       0x12 Drivers/STM32F1xx_HAL_Driver/Src/stm32f1xx_hal_tim.o
                0x000000000800572c                HAL_TIM_TriggerCallback
 *fill*         0x000000000800573e        0x2 
 .text.TIM_Base_SetConfig
                0x0000000008005740       0xc4 Drivers/STM32F1xx_HAL_Driver/Src/stm32f1xx_hal_tim.o
                0x0000000008005740                TIM_Base_SetConfig
 .text.TIM_OC1_SetConfig
                0x0000000008005804       0xcc Drivers/STM32F1xx_HAL_Driver/Src/stm32f1xx_hal_tim.o
 .text.TIM_OC2_SetConfig
                0x00000000080058d0       0xd4 Drivers/STM32F1xx_HAL_Driver/Src/stm32f1xx_hal_tim.o
                0x00000000080058d0                TIM_OC2_SetConfig
 .text.TIM_OC3_SetConfig
                0x00000000080059a4       0xd4 Drivers/STM32F1xx_HAL_Driver/Src/stm32f1xx_hal_tim.o
 .text.TIM_OC4_SetConfig
                0x0000000008005a78       0x9c Drivers/STM32F1xx_HAL_Driver/Src/stm32f1xx_hal_tim.o
 .text.TIM_TI1_ConfigInputStage
                0x0000000008005b14       0x5c Drivers/STM32F1xx_HAL_Driver/Src/stm32f1xx_hal_tim.o
 .text.TIM_TI2_ConfigInputStage
                0x0000000008005b70       0x5e Drivers/STM32F1xx_HAL_Driver/Src/stm32f1xx_hal_tim.o
 .text.TIM_ITRx_SetConfig
                0x0000000008005bce       0x34 Drivers/STM32F1xx_HAL_Driver/Src/stm32f1xx_hal_tim.o
 .text.TIM_ETR_SetConfig
                0x0000000008005c02       0x3e Drivers/STM32F1xx_HAL_Driver/Src/stm32f1xx_hal_tim.o
                0x0000000008005c02                TIM_ETR_SetConfig
 .text.TIM_CCxChannelCmd
                0x0000000008005c40       0x48 Drivers/STM32F1xx_HAL_Driver/Src/stm32f1xx_hal_tim.o
                0x0000000008005c40                TIM_CCxChannelCmd
 .text.HAL_TIMEx_MasterConfigSynchronization
                0x0000000008005c88       0xbc Drivers/STM32F1xx_HAL_Driver/Src/stm32f1xx_hal_tim_ex.o
                0x0000000008005c88                HAL_TIMEx_MasterConfigSynchronization
 .text.HAL_TIMEx_CommutCallback
                0x0000000008005d44       0x12 Drivers/STM32F1xx_HAL_Driver/Src/stm32f1xx_hal_tim_ex.o
                0x0000000008005d44                HAL_TIMEx_CommutCallback
 .text.HAL_TIMEx_BreakCallback
                0x0000000008005d56       0x12 Drivers/STM32F1xx_HAL_Driver/Src/stm32f1xx_hal_tim_ex.o
                0x0000000008005d56                HAL_TIMEx_BreakCallback
 .text.atoi     0x0000000008005d68        0x8 c:/st/stm32cubeide_1.5.0/stm32cubeide/plugins/com.st.stm32cube.ide.mcu.externaltools.gnu-tools-for-stm32.7-2018-q2-update.win32_1.5.0.202011040924/tools/bin/../lib/gcc/arm-none-eabi/7.3.1/../../../../arm-none-eabi/lib/thumb/v7-m\libc_nano.a(lib_a-atoi.o)
                0x0000000008005d68                atoi
 .text.__libc_init_array
                0x0000000008005d70       0x48 c:/st/stm32cubeide_1.5.0/stm32cubeide/plugins/com.st.stm32cube.ide.mcu.externaltools.gnu-tools-for-stm32.7-2018-q2-update.win32_1.5.0.202011040924/tools/bin/../lib/gcc/arm-none-eabi/7.3.1/../../../../arm-none-eabi/lib/thumb/v7-m\libc_nano.a(lib_a-init.o)
                0x0000000008005d70                __libc_init_array
 .text.__itoa   0x0000000008005db8       0x30 c:/st/stm32cubeide_1.5.0/stm32cubeide/plugins/com.st.stm32cube.ide.mcu.externaltools.gnu-tools-for-stm32.7-2018-q2-update.win32_1.5.0.202011040924/tools/bin/../lib/gcc/arm-none-eabi/7.3.1/../../../../arm-none-eabi/lib/thumb/v7-m\libc_nano.a(lib_a-itoa.o)
                0x0000000008005db8                __itoa
 .text.itoa     0x0000000008005de8        0x4 c:/st/stm32cubeide_1.5.0/stm32cubeide/plugins/com.st.stm32cube.ide.mcu.externaltools.gnu-tools-for-stm32.7-2018-q2-update.win32_1.5.0.202011040924/tools/bin/../lib/gcc/arm-none-eabi/7.3.1/../../../../arm-none-eabi/lib/thumb/v7-m\libc_nano.a(lib_a-itoa.o)
                0x0000000008005de8                itoa
 .text.memset   0x0000000008005dec       0x10 c:/st/stm32cubeide_1.5.0/stm32cubeide/plugins/com.st.stm32cube.ide.mcu.externaltools.gnu-tools-for-stm32.7-2018-q2-update.win32_1.5.0.202011040924/tools/bin/../lib/gcc/arm-none-eabi/7.3.1/../../../../arm-none-eabi/lib/thumb/v7-m\libc_nano.a(lib_a-memset.o)
                0x0000000008005dec                memset
 .text.strcpy   0x0000000008005dfc       0x10 c:/st/stm32cubeide_1.5.0/stm32cubeide/plugins/com.st.stm32cube.ide.mcu.externaltools.gnu-tools-for-stm32.7-2018-q2-update.win32_1.5.0.202011040924/tools/bin/../lib/gcc/arm-none-eabi/7.3.1/../../../../arm-none-eabi/lib/thumb/v7-m\libc_nano.a(lib_a-strcpy.o)
                0x0000000008005dfc                strcpy
 .text._strtol_l.isra.0
                0x0000000008005e0c       0xf6 c:/st/stm32cubeide_1.5.0/stm32cubeide/plugins/com.st.stm32cube.ide.mcu.externaltools.gnu-tools-for-stm32.7-2018-q2-update.win32_1.5.0.202011040924/tools/bin/../lib/gcc/arm-none-eabi/7.3.1/../../../../arm-none-eabi/lib/thumb/v7-m\libc_nano.a(lib_a-strtol.o)
 *fill*         0x0000000008005f02        0x2 
 .text.strtol   0x0000000008005f04       0x2c c:/st/stm32cubeide_1.5.0/stm32cubeide/plugins/com.st.stm32cube.ide.mcu.externaltools.gnu-tools-for-stm32.7-2018-q2-update.win32_1.5.0.202011040924/tools/bin/../lib/gcc/arm-none-eabi/7.3.1/../../../../arm-none-eabi/lib/thumb/v7-m\libc_nano.a(lib_a-strtol.o)
                0x0000000008005f04                strtol
 .text.__utoa   0x0000000008005f30       0x7c c:/st/stm32cubeide_1.5.0/stm32cubeide/plugins/com.st.stm32cube.ide.mcu.externaltools.gnu-tools-for-stm32.7-2018-q2-update.win32_1.5.0.202011040924/tools/bin/../lib/gcc/arm-none-eabi/7.3.1/../../../../arm-none-eabi/lib/thumb/v7-m\libc_nano.a(lib_a-utoa.o)
                0x0000000008005f30                __utoa
 .text.__locale_ctype_ptr_l
                0x0000000008005fac        0x6 c:/st/stm32cubeide_1.5.0/stm32cubeide/plugins/com.st.stm32cube.ide.mcu.externaltools.gnu-tools-for-stm32.7-2018-q2-update.win32_1.5.0.202011040924/tools/bin/../lib/gcc/arm-none-eabi/7.3.1/../../../../arm-none-eabi/lib/thumb/v7-m\libc_nano.a(lib_a-locale.o)
                0x0000000008005fac                __locale_ctype_ptr_l
 .text.__ascii_mbtowc
                0x0000000008005fb2       0x24 c:/st/stm32cubeide_1.5.0/stm32cubeide/plugins/com.st.stm32cube.ide.mcu.externaltools.gnu-tools-for-stm32.7-2018-q2-update.win32_1.5.0.202011040924/tools/bin/../lib/gcc/arm-none-eabi/7.3.1/../../../../arm-none-eabi/lib/thumb/v7-m\libc_nano.a(lib_a-mbtowc_r.o)
                0x0000000008005fb2                __ascii_mbtowc
 .text.__ascii_wctomb
                0x0000000008005fd6       0x1a c:/st/stm32cubeide_1.5.0/stm32cubeide/plugins/com.st.stm32cube.ide.mcu.externaltools.gnu-tools-for-stm32.7-2018-q2-update.win32_1.5.0.202011040924/tools/bin/../lib/gcc/arm-none-eabi/7.3.1/../../../../arm-none-eabi/lib/thumb/v7-m\libc_nano.a(lib_a-wctomb_r.o)
                0x0000000008005fd6                __ascii_wctomb
 *(.glue_7)
 .glue_7        0x0000000008005ff0        0x0 linker stubs
 *(.glue_7t)
 .glue_7t       0x0000000008005ff0        0x0 linker stubs
 *(.eh_frame)
 .eh_frame      0x0000000008005ff0        0x0 c:/st/stm32cubeide_1.5.0/stm32cubeide/plugins/com.st.stm32cube.ide.mcu.externaltools.gnu-tools-for-stm32.7-2018-q2-update.win32_1.5.0.202011040924/tools/bin/../lib/gcc/arm-none-eabi/7.3.1/thumb/v7-m/crtbegin.o
 *(.init)
 .init          0x0000000008005ff0        0x4 c:/st/stm32cubeide_1.5.0/stm32cubeide/plugins/com.st.stm32cube.ide.mcu.externaltools.gnu-tools-for-stm32.7-2018-q2-update.win32_1.5.0.202011040924/tools/bin/../lib/gcc/arm-none-eabi/7.3.1/thumb/v7-m/crti.o
                0x0000000008005ff0                _init
 .init          0x0000000008005ff4        0x8 c:/st/stm32cubeide_1.5.0/stm32cubeide/plugins/com.st.stm32cube.ide.mcu.externaltools.gnu-tools-for-stm32.7-2018-q2-update.win32_1.5.0.202011040924/tools/bin/../lib/gcc/arm-none-eabi/7.3.1/thumb/v7-m/crtn.o
 *(.fini)
 .fini          0x0000000008005ffc        0x4 c:/st/stm32cubeide_1.5.0/stm32cubeide/plugins/com.st.stm32cube.ide.mcu.externaltools.gnu-tools-for-stm32.7-2018-q2-update.win32_1.5.0.202011040924/tools/bin/../lib/gcc/arm-none-eabi/7.3.1/thumb/v7-m/crti.o
                0x0000000008005ffc                _fini
 .fini          0x0000000008006000        0x8 c:/st/stm32cubeide_1.5.0/stm32cubeide/plugins/com.st.stm32cube.ide.mcu.externaltools.gnu-tools-for-stm32.7-2018-q2-update.win32_1.5.0.202011040924/tools/bin/../lib/gcc/arm-none-eabi/7.3.1/thumb/v7-m/crtn.o
                0x0000000008006008                . = ALIGN (0x4)
                0x0000000008006008                _etext = .

.vfp11_veneer   0x0000000008006008        0x0
 .vfp11_veneer  0x0000000008006008        0x0 linker stubs

.v4_bx          0x0000000008006008        0x0
 .v4_bx         0x0000000008006008        0x0 linker stubs

.iplt           0x0000000008006008        0x0
 .iplt          0x0000000008006008        0x0 c:/st/stm32cubeide_1.5.0/stm32cubeide/plugins/com.st.stm32cube.ide.mcu.externaltools.gnu-tools-for-stm32.7-2018-q2-update.win32_1.5.0.202011040924/tools/bin/../lib/gcc/arm-none-eabi/7.3.1/thumb/v7-m/crtbegin.o

.rodata         0x0000000008006008      0x36c
                0x0000000008006008                . = ALIGN (0x4)
 *(.rodata)
 .rodata        0x0000000008006008       0xa2 Core/Src/capsules.o
 *fill*         0x00000000080060aa        0x2 
 .rodata        0x00000000080060ac      0x132 Core/Src/main.o
 *fill*         0x00000000080061de        0x2 
 .rodata        0x00000000080061e0        0xe Core/Src/relogio.o
 *fill*         0x00000000080061ee        0x2 
 .rodata        0x00000000080061f0       0x12 Drivers/STM32F1xx_HAL_Driver/Src/stm32f1xx_hal_rcc.o
 *fill*         0x0000000008006202        0x2 
 .rodata        0x0000000008006204       0x12 Drivers/STM32F1xx_HAL_Driver/Src/stm32f1xx_hal_rcc_ex.o
 *(.rodata*)
 *fill*         0x0000000008006216        0x2 
 .rodata.LCD16x2_CfgParam
                0x0000000008006218       0x14 Core/Src/LCD16x2_cfg.o
                0x0000000008006218                LCD16x2_CfgParam
 .rodata.AHBPrescTable
                0x000000000800622c       0x10 Core/Src/system_stm32f1xx.o
                0x000000000800622c                AHBPrescTable
 .rodata.APBPrescTable
                0x000000000800623c        0x8 Core/Src/system_stm32f1xx.o
                0x000000000800623c                APBPrescTable
 .rodata.__utoa.str1.1
                0x0000000008006244       0x25 c:/st/stm32cubeide_1.5.0/stm32cubeide/plugins/com.st.stm32cube.ide.mcu.externaltools.gnu-tools-for-stm32.7-2018-q2-update.win32_1.5.0.202011040924/tools/bin/../lib/gcc/arm-none-eabi/7.3.1/../../../../arm-none-eabi/lib/thumb/v7-m\libc_nano.a(lib_a-utoa.o)
 .rodata._setlocale_r.str1.1
                0x0000000008006269        0x8 c:/st/stm32cubeide_1.5.0/stm32cubeide/plugins/com.st.stm32cube.ide.mcu.externaltools.gnu-tools-for-stm32.7-2018-q2-update.win32_1.5.0.202011040924/tools/bin/../lib/gcc/arm-none-eabi/7.3.1/../../../../arm-none-eabi/lib/thumb/v7-m\libc_nano.a(lib_a-locale.o)
                                          0x9 (size before relaxing)
 .rodata.str1.1
                0x0000000008006271        0x2 c:/st/stm32cubeide_1.5.0/stm32cubeide/plugins/com.st.stm32cube.ide.mcu.externaltools.gnu-tools-for-stm32.7-2018-q2-update.win32_1.5.0.202011040924/tools/bin/../lib/gcc/arm-none-eabi/7.3.1/../../../../arm-none-eabi/lib/thumb/v7-m\libc_nano.a(lib_a-locale.o)
 .rodata._ctype_
                0x0000000008006273      0x101 c:/st/stm32cubeide_1.5.0/stm32cubeide/plugins/com.st.stm32cube.ide.mcu.externaltools.gnu-tools-for-stm32.7-2018-q2-update.win32_1.5.0.202011040924/tools/bin/../lib/gcc/arm-none-eabi/7.3.1/../../../../arm-none-eabi/lib/thumb/v7-m\libc_nano.a(lib_a-ctype_.o)
                0x0000000008006273                _ctype_
                0x0000000008006374                . = ALIGN (0x4)

.rel.dyn        0x0000000008006374        0x0
 .rel.iplt      0x0000000008006374        0x0 c:/st/stm32cubeide_1.5.0/stm32cubeide/plugins/com.st.stm32cube.ide.mcu.externaltools.gnu-tools-for-stm32.7-2018-q2-update.win32_1.5.0.202011040924/tools/bin/../lib/gcc/arm-none-eabi/7.3.1/thumb/v7-m/crtbegin.o

.ARM.extab      0x0000000008006374        0x0
                0x0000000008006374                . = ALIGN (0x4)
 *(.ARM.extab* .gnu.linkonce.armextab.*)
                0x0000000008006374                . = ALIGN (0x4)

.ARM            0x0000000008006374        0x0
                0x0000000008006374                . = ALIGN (0x4)
                0x0000000008006374                __exidx_start = .
 *(.ARM.exidx*)
                0x0000000008006374                __exidx_end = .
                0x0000000008006374                . = ALIGN (0x4)

.preinit_array  0x0000000008006374        0x0
                0x0000000008006374                . = ALIGN (0x4)
                0x0000000008006374                PROVIDE (__preinit_array_start = .)
 *(.preinit_array*)
                0x0000000008006374                PROVIDE (__preinit_array_end = .)
                0x0000000008006374                . = ALIGN (0x4)

.init_array     0x0000000008006374        0x4
                0x0000000008006374                . = ALIGN (0x4)
                0x0000000008006374                PROVIDE (__init_array_start = .)
 *(SORT_BY_NAME(.init_array.*))
 *(.init_array*)
 .init_array    0x0000000008006374        0x4 c:/st/stm32cubeide_1.5.0/stm32cubeide/plugins/com.st.stm32cube.ide.mcu.externaltools.gnu-tools-for-stm32.7-2018-q2-update.win32_1.5.0.202011040924/tools/bin/../lib/gcc/arm-none-eabi/7.3.1/thumb/v7-m/crtbegin.o
                0x0000000008006378                PROVIDE (__init_array_end = .)
                0x0000000008006378                . = ALIGN (0x4)

.fini_array     0x0000000008006378        0x4
                0x0000000008006378                . = ALIGN (0x4)
                [!provide]                        PROVIDE (__fini_array_start = .)
 *(SORT_BY_NAME(.fini_array.*))
 *(.fini_array*)
 .fini_array    0x0000000008006378        0x4 c:/st/stm32cubeide_1.5.0/stm32cubeide/plugins/com.st.stm32cube.ide.mcu.externaltools.gnu-tools-for-stm32.7-2018-q2-update.win32_1.5.0.202011040924/tools/bin/../lib/gcc/arm-none-eabi/7.3.1/thumb/v7-m/crtbegin.o
                [!provide]                        PROVIDE (__fini_array_end = .)
                0x000000000800637c                . = ALIGN (0x4)
                0x000000000800637c                _sidata = LOADADDR (.data)

.data           0x0000000020000000      0x1f8 load address 0x000000000800637c
                0x0000000020000000                . = ALIGN (0x4)
                0x0000000020000000                _sdata = .
 *(.data)
 *(.data*)
 .data.P1       0x0000000020000000        0x2 Core/Src/main.o
                0x0000000020000000                P1
 .data.P2       0x0000000020000002        0x2 Core/Src/main.o
                0x0000000020000002                P2
 .data.Y1       0x0000000020000004        0x2 Core/Src/main.o
                0x0000000020000004                Y1
 .data.Y2       0x0000000020000006        0x2 Core/Src/main.o
                0x0000000020000006                Y2
 .data.Y3       0x0000000020000008        0x2 Core/Src/main.o
                0x0000000020000008                Y3
 .data.Y4       0x000000002000000a        0x2 Core/Src/main.o
                0x000000002000000a                Y4
 .data.Bn1_bit0
                0x000000002000000c        0x2 Core/Src/main.o
                0x000000002000000c                Bn1_bit0
 .data.Bn1_bit1
                0x000000002000000e        0x2 Core/Src/main.o
                0x000000002000000e                Bn1_bit1
 .data.Bn1_bit2
                0x0000000020000010        0x2 Core/Src/main.o
                0x0000000020000010                Bn1_bit2
 .data.btn_c    0x0000000020000012        0x2 Core/Src/main.o
                0x0000000020000012                btn_c
 .data.btn_mais
                0x0000000020000014        0x2 Core/Src/main.o
                0x0000000020000014                btn_mais
 .data.btn_menos
                0x0000000020000016        0x2 Core/Src/main.o
                0x0000000020000016                btn_menos
 .data.btn_s    0x0000000020000018        0x2 Core/Src/main.o
                0x0000000020000018                btn_s
 .data.selecao  0x000000002000001a        0x1 Core/Src/main.o
                0x000000002000001a                selecao
 .data.last_selecao
                0x000000002000001b        0x1 Core/Src/main.o
                0x000000002000001b                last_selecao
 .data.SystemCoreClock
                0x000000002000001c        0x4 Core/Src/system_stm32f1xx.o
                0x000000002000001c                SystemCoreClock
 .data.uwTickPrio
                0x0000000020000020        0x4 Drivers/STM32F1xx_HAL_Driver/Src/stm32f1xx_hal.o
                0x0000000020000020                uwTickPrio
 .data.uwTickFreq
                0x0000000020000024        0x1 Drivers/STM32F1xx_HAL_Driver/Src/stm32f1xx_hal.o
                0x0000000020000024                uwTickFreq
 *fill*         0x0000000020000025        0x3 
 .data._impure_ptr
                0x0000000020000028        0x4 c:/st/stm32cubeide_1.5.0/stm32cubeide/plugins/com.st.stm32cube.ide.mcu.externaltools.gnu-tools-for-stm32.7-2018-q2-update.win32_1.5.0.202011040924/tools/bin/../lib/gcc/arm-none-eabi/7.3.1/../../../../arm-none-eabi/lib/thumb/v7-m\libc_nano.a(lib_a-impure.o)
                0x0000000020000028                _impure_ptr
 .data.impure_data
                0x000000002000002c       0x60 c:/st/stm32cubeide_1.5.0/stm32cubeide/plugins/com.st.stm32cube.ide.mcu.externaltools.gnu-tools-for-stm32.7-2018-q2-update.win32_1.5.0.202011040924/tools/bin/../lib/gcc/arm-none-eabi/7.3.1/../../../../arm-none-eabi/lib/thumb/v7-m\libc_nano.a(lib_a-impure.o)
 .data.__global_locale
                0x000000002000008c      0x16c c:/st/stm32cubeide_1.5.0/stm32cubeide/plugins/com.st.stm32cube.ide.mcu.externaltools.gnu-tools-for-stm32.7-2018-q2-update.win32_1.5.0.202011040924/tools/bin/../lib/gcc/arm-none-eabi/7.3.1/../../../../arm-none-eabi/lib/thumb/v7-m\libc_nano.a(lib_a-locale.o)
                0x000000002000008c                __global_locale
                0x00000000200001f8                . = ALIGN (0x4)
                0x00000000200001f8                _edata = .

.igot.plt       0x00000000200001f8        0x0 load address 0x0000000008006574
 .igot.plt      0x00000000200001f8        0x0 c:/st/stm32cubeide_1.5.0/stm32cubeide/plugins/com.st.stm32cube.ide.mcu.externaltools.gnu-tools-for-stm32.7-2018-q2-update.win32_1.5.0.202011040924/tools/bin/../lib/gcc/arm-none-eabi/7.3.1/thumb/v7-m/crtbegin.o
                0x00000000200001f8                . = ALIGN (0x4)

.bss            0x00000000200001f8      0x34c load address 0x0000000008006574
                0x00000000200001f8                _sbss = .
                0x00000000200001f8                __bss_start__ = _sbss
 *(.bss)
 .bss           0x00000000200001f8       0x1c c:/st/stm32cubeide_1.5.0/stm32cubeide/plugins/com.st.stm32cube.ide.mcu.externaltools.gnu-tools-for-stm32.7-2018-q2-update.win32_1.5.0.202011040924/tools/bin/../lib/gcc/arm-none-eabi/7.3.1/thumb/v7-m/crtbegin.o
 *(.bss*)
 *(COMMON)
 COMMON         0x0000000020000214      0x166 Core/Src/capsules.o
                0x0000000020000214                state_Bn1_bit1
                0x0000000020000218                capsulas
                0x0000000020000378                state_Bn1_bit2
                0x0000000020000379                state_Bn1_bit0
 *fill*         0x000000002000037a        0x2 
 COMMON         0x000000002000037c      0x1c4 Core/Src/main.o
                0x000000002000037c                horas
                0x000000002000037e                estadoP1
                0x0000000020000380                T2
                0x0000000020000382                state_btn_menos
                0x0000000020000384                j
                0x0000000020000388                state_btn_c
                0x000000002000038c                dutyCycle_TIM1_CH4
                0x0000000020000390                htim4
                0x00000000200003d8                dutyCycle_TIM2_CH1
                0x00000000200003dc                Bn1
                0x00000000200003dd                state_btn_s
                0x00000000200003de                compararcap
                0x00000000200003e0                CP1
                0x00000000200003e4                htim3
                0x000000002000042c                estadoP2
                0x000000002000042e                segundos
                0x0000000020000430                aux2
                0x0000000020000434                hadc1
                0x0000000020000464                tela
                0x0000000020000468                i
                0x000000002000046c                dutyCycle_TIM2_CH2
                0x0000000020000470                R1
                0x0000000020000474                hdma_adc1
                0x00000000200004b8                estadoRelogio
                0x00000000200004ba                T1
                0x00000000200004bc                aux3
                0x00000000200004c0                htim2
                0x0000000020000508                B1
                0x000000002000050a                adcDataReady
                0x000000002000050b                state_btn_mais
                0x000000002000050c                minutos
                0x000000002000050e                aux1
                0x0000000020000510                adcData
 COMMON         0x0000000020000540        0x4 Drivers/STM32F1xx_HAL_Driver/Src/stm32f1xx_hal.o
                0x0000000020000540                uwTick
                0x0000000020000544                . = ALIGN (0x4)
                0x0000000020000544                _ebss = .
                0x0000000020000544                __bss_end__ = _ebss

._user_heap_stack
                0x0000000020000544      0x604 load address 0x0000000008006574
                0x0000000020000548                . = ALIGN (0x8)
 *fill*         0x0000000020000544        0x4 
                [!provide]                        PROVIDE (end = .)
                0x0000000020000548                PROVIDE (_end = .)
                0x0000000020000748                . = (. + _Min_Heap_Size)
 *fill*         0x0000000020000548      0x200 
                0x0000000020000b48                . = (. + _Min_Stack_Size)
 *fill*         0x0000000020000748      0x400 
                0x0000000020000b48                . = ALIGN (0x8)

/DISCARD/
 libc.a(*)
 libm.a(*)
 libgcc.a(*)

.ARM.attributes
                0x0000000000000000       0x29
 *(.ARM.attributes)
 .ARM.attributes
                0x0000000000000000       0x1d c:/st/stm32cubeide_1.5.0/stm32cubeide/plugins/com.st.stm32cube.ide.mcu.externaltools.gnu-tools-for-stm32.7-2018-q2-update.win32_1.5.0.202011040924/tools/bin/../lib/gcc/arm-none-eabi/7.3.1/thumb/v7-m/crti.o
 .ARM.attributes
                0x000000000000001d       0x2d c:/st/stm32cubeide_1.5.0/stm32cubeide/plugins/com.st.stm32cube.ide.mcu.externaltools.gnu-tools-for-stm32.7-2018-q2-update.win32_1.5.0.202011040924/tools/bin/../lib/gcc/arm-none-eabi/7.3.1/thumb/v7-m/crtbegin.o
 .ARM.attributes
                0x000000000000004a       0x33 Core/Src/DWT_Delay.o
 .ARM.attributes
                0x000000000000007d       0x33 Core/Src/LCD16x2.o
 .ARM.attributes
                0x00000000000000b0       0x33 Core/Src/LCD16x2_cfg.o
 .ARM.attributes
                0x00000000000000e3       0x33 Core/Src/capsules.o
 .ARM.attributes
                0x0000000000000116       0x33 Core/Src/main.o
 .ARM.attributes
                0x0000000000000149       0x33 Core/Src/relogio.o
 .ARM.attributes
                0x000000000000017c       0x33 Core/Src/stm32f1xx_hal_msp.o
 .ARM.attributes
                0x00000000000001af       0x33 Core/Src/stm32f1xx_it.o
 .ARM.attributes
                0x00000000000001e2       0x33 Core/Src/system_stm32f1xx.o
 .ARM.attributes
                0x0000000000000215       0x21 Core/Startup/startup_stm32f103c8tx.o
 .ARM.attributes
                0x0000000000000236       0x33 Drivers/STM32F1xx_HAL_Driver/Src/stm32f1xx_hal.o
 .ARM.attributes
                0x0000000000000269       0x33 Drivers/STM32F1xx_HAL_Driver/Src/stm32f1xx_hal_adc.o
 .ARM.attributes
                0x000000000000029c       0x33 Drivers/STM32F1xx_HAL_Driver/Src/stm32f1xx_hal_adc_ex.o
 .ARM.attributes
                0x00000000000002cf       0x33 Drivers/STM32F1xx_HAL_Driver/Src/stm32f1xx_hal_cortex.o
 .ARM.attributes
                0x0000000000000302       0x33 Drivers/STM32F1xx_HAL_Driver/Src/stm32f1xx_hal_dma.o
 .ARM.attributes
                0x0000000000000335       0x33 Drivers/STM32F1xx_HAL_Driver/Src/stm32f1xx_hal_gpio.o
 .ARM.attributes
                0x0000000000000368       0x33 Drivers/STM32F1xx_HAL_Driver/Src/stm32f1xx_hal_rcc.o
 .ARM.attributes
                0x000000000000039b       0x33 Drivers/STM32F1xx_HAL_Driver/Src/stm32f1xx_hal_rcc_ex.o
 .ARM.attributes
                0x00000000000003ce       0x33 Drivers/STM32F1xx_HAL_Driver/Src/stm32f1xx_hal_tim.o
 .ARM.attributes
                0x0000000000000401       0x33 Drivers/STM32F1xx_HAL_Driver/Src/stm32f1xx_hal_tim_ex.o
 .ARM.attributes
                0x0000000000000434       0x2d c:/st/stm32cubeide_1.5.0/stm32cubeide/plugins/com.st.stm32cube.ide.mcu.externaltools.gnu-tools-for-stm32.7-2018-q2-update.win32_1.5.0.202011040924/tools/bin/../lib/gcc/arm-none-eabi/7.3.1/../../../../arm-none-eabi/lib/thumb/v7-m\libc_nano.a(lib_a-atoi.o)
 .ARM.attributes
                0x0000000000000461       0x2d c:/st/stm32cubeide_1.5.0/stm32cubeide/plugins/com.st.stm32cube.ide.mcu.externaltools.gnu-tools-for-stm32.7-2018-q2-update.win32_1.5.0.202011040924/tools/bin/../lib/gcc/arm-none-eabi/7.3.1/../../../../arm-none-eabi/lib/thumb/v7-m\libc_nano.a(lib_a-impure.o)
 .ARM.attributes
                0x000000000000048e       0x2d c:/st/stm32cubeide_1.5.0/stm32cubeide/plugins/com.st.stm32cube.ide.mcu.externaltools.gnu-tools-for-stm32.7-2018-q2-update.win32_1.5.0.202011040924/tools/bin/../lib/gcc/arm-none-eabi/7.3.1/../../../../arm-none-eabi/lib/thumb/v7-m\libc_nano.a(lib_a-init.o)
 .ARM.attributes
                0x00000000000004bb       0x2d c:/st/stm32cubeide_1.5.0/stm32cubeide/plugins/com.st.stm32cube.ide.mcu.externaltools.gnu-tools-for-stm32.7-2018-q2-update.win32_1.5.0.202011040924/tools/bin/../lib/gcc/arm-none-eabi/7.3.1/../../../../arm-none-eabi/lib/thumb/v7-m\libc_nano.a(lib_a-itoa.o)
 .ARM.attributes
                0x00000000000004e8       0x2d c:/st/stm32cubeide_1.5.0/stm32cubeide/plugins/com.st.stm32cube.ide.mcu.externaltools.gnu-tools-for-stm32.7-2018-q2-update.win32_1.5.0.202011040924/tools/bin/../lib/gcc/arm-none-eabi/7.3.1/../../../../arm-none-eabi/lib/thumb/v7-m\libc_nano.a(lib_a-memset.o)
 .ARM.attributes
                0x0000000000000515       0x1b c:/st/stm32cubeide_1.5.0/stm32cubeide/plugins/com.st.stm32cube.ide.mcu.externaltools.gnu-tools-for-stm32.7-2018-q2-update.win32_1.5.0.202011040924/tools/bin/../lib/gcc/arm-none-eabi/7.3.1/../../../../arm-none-eabi/lib/thumb/v7-m\libc_nano.a(lib_a-strcmp.o)
 .ARM.attributes
                0x0000000000000530       0x2d c:/st/stm32cubeide_1.5.0/stm32cubeide/plugins/com.st.stm32cube.ide.mcu.externaltools.gnu-tools-for-stm32.7-2018-q2-update.win32_1.5.0.202011040924/tools/bin/../lib/gcc/arm-none-eabi/7.3.1/../../../../arm-none-eabi/lib/thumb/v7-m\libc_nano.a(lib_a-strcpy.o)
 .ARM.attributes
                0x000000000000055d       0x2d c:/st/stm32cubeide_1.5.0/stm32cubeide/plugins/com.st.stm32cube.ide.mcu.externaltools.gnu-tools-for-stm32.7-2018-q2-update.win32_1.5.0.202011040924/tools/bin/../lib/gcc/arm-none-eabi/7.3.1/../../../../arm-none-eabi/lib/thumb/v7-m\libc_nano.a(lib_a-strtol.o)
 .ARM.attributes
                0x000000000000058a       0x2d c:/st/stm32cubeide_1.5.0/stm32cubeide/plugins/com.st.stm32cube.ide.mcu.externaltools.gnu-tools-for-stm32.7-2018-q2-update.win32_1.5.0.202011040924/tools/bin/../lib/gcc/arm-none-eabi/7.3.1/../../../../arm-none-eabi/lib/thumb/v7-m\libc_nano.a(lib_a-utoa.o)
 .ARM.attributes
                0x00000000000005b7       0x2d c:/st/stm32cubeide_1.5.0/stm32cubeide/plugins/com.st.stm32cube.ide.mcu.externaltools.gnu-tools-for-stm32.7-2018-q2-update.win32_1.5.0.202011040924/tools/bin/../lib/gcc/arm-none-eabi/7.3.1/../../../../arm-none-eabi/lib/thumb/v7-m\libc_nano.a(lib_a-locale.o)
 .ARM.attributes
                0x00000000000005e4       0x2d c:/st/stm32cubeide_1.5.0/stm32cubeide/plugins/com.st.stm32cube.ide.mcu.externaltools.gnu-tools-for-stm32.7-2018-q2-update.win32_1.5.0.202011040924/tools/bin/../lib/gcc/arm-none-eabi/7.3.1/../../../../arm-none-eabi/lib/thumb/v7-m\libc_nano.a(lib_a-mbtowc_r.o)
 .ARM.attributes
                0x0000000000000611       0x2d c:/st/stm32cubeide_1.5.0/stm32cubeide/plugins/com.st.stm32cube.ide.mcu.externaltools.gnu-tools-for-stm32.7-2018-q2-update.win32_1.5.0.202011040924/tools/bin/../lib/gcc/arm-none-eabi/7.3.1/../../../../arm-none-eabi/lib/thumb/v7-m\libc_nano.a(lib_a-wctomb_r.o)
 .ARM.attributes
                0x000000000000063e       0x2d c:/st/stm32cubeide_1.5.0/stm32cubeide/plugins/com.st.stm32cube.ide.mcu.externaltools.gnu-tools-for-stm32.7-2018-q2-update.win32_1.5.0.202011040924/tools/bin/../lib/gcc/arm-none-eabi/7.3.1/../../../../arm-none-eabi/lib/thumb/v7-m\libc_nano.a(lib_a-ctype_.o)
 .ARM.attributes
                0x000000000000066b       0x1d c:/st/stm32cubeide_1.5.0/stm32cubeide/plugins/com.st.stm32cube.ide.mcu.externaltools.gnu-tools-for-stm32.7-2018-q2-update.win32_1.5.0.202011040924/tools/bin/../lib/gcc/arm-none-eabi/7.3.1/thumb/v7-m\libgcc.a(_arm_addsubdf3.o)
 .ARM.attributes
                0x0000000000000688       0x1d c:/st/stm32cubeide_1.5.0/stm32cubeide/plugins/com.st.stm32cube.ide.mcu.externaltools.gnu-tools-for-stm32.7-2018-q2-update.win32_1.5.0.202011040924/tools/bin/../lib/gcc/arm-none-eabi/7.3.1/thumb/v7-m\libgcc.a(_arm_muldivdf3.o)
 .ARM.attributes
                0x00000000000006a5       0x1d c:/st/stm32cubeide_1.5.0/stm32cubeide/plugins/com.st.stm32cube.ide.mcu.externaltools.gnu-tools-for-stm32.7-2018-q2-update.win32_1.5.0.202011040924/tools/bin/../lib/gcc/arm-none-eabi/7.3.1/thumb/v7-m\libgcc.a(_arm_fixunsdfsi.o)
 .ARM.attributes
                0x00000000000006c2       0x1d c:/st/stm32cubeide_1.5.0/stm32cubeide/plugins/com.st.stm32cube.ide.mcu.externaltools.gnu-tools-for-stm32.7-2018-q2-update.win32_1.5.0.202011040924/tools/bin/../lib/gcc/arm-none-eabi/7.3.1/thumb/v7-m\libgcc.a(_arm_addsubsf3.o)
 .ARM.attributes
                0x00000000000006df       0x1d c:/st/stm32cubeide_1.5.0/stm32cubeide/plugins/com.st.stm32cube.ide.mcu.externaltools.gnu-tools-for-stm32.7-2018-q2-update.win32_1.5.0.202011040924/tools/bin/../lib/gcc/arm-none-eabi/7.3.1/thumb/v7-m\libgcc.a(_arm_muldivsf3.o)
 .ARM.attributes
                0x00000000000006fc       0x1d c:/st/stm32cubeide_1.5.0/stm32cubeide/plugins/com.st.stm32cube.ide.mcu.externaltools.gnu-tools-for-stm32.7-2018-q2-update.win32_1.5.0.202011040924/tools/bin/../lib/gcc/arm-none-eabi/7.3.1/thumb/v7-m\libgcc.a(_arm_cmpsf2.o)
 .ARM.attributes
                0x0000000000000719       0x1d c:/st/stm32cubeide_1.5.0/stm32cubeide/plugins/com.st.stm32cube.ide.mcu.externaltools.gnu-tools-for-stm32.7-2018-q2-update.win32_1.5.0.202011040924/tools/bin/../lib/gcc/arm-none-eabi/7.3.1/thumb/v7-m\libgcc.a(_arm_fixunssfsi.o)
 .ARM.attributes
                0x0000000000000736       0x1d c:/st/stm32cubeide_1.5.0/stm32cubeide/plugins/com.st.stm32cube.ide.mcu.externaltools.gnu-tools-for-stm32.7-2018-q2-update.win32_1.5.0.202011040924/tools/bin/../lib/gcc/arm-none-eabi/7.3.1/thumb/v7-m/crtn.o
OUTPUT(Projeto_final.elf elf32-littlearm)

.debug_info     0x0000000000000000     0xcd3b
 .debug_info    0x0000000000000000      0x326 Core/Src/DWT_Delay.o
 .debug_info    0x0000000000000326      0x729 Core/Src/LCD16x2.o
 .debug_info    0x0000000000000a4f      0x280 Core/Src/LCD16x2_cfg.o
 .debug_info    0x0000000000000ccf      0xb77 Core/Src/capsules.o
 .debug_info    0x0000000000001846     0x1c9d Core/Src/main.o
 .debug_info    0x00000000000034e3      0x1ab Core/Src/relogio.o
 .debug_info    0x000000000000368e      0xda2 Core/Src/stm32f1xx_hal_msp.o
 .debug_info    0x0000000000004430      0x77b Core/Src/stm32f1xx_it.o
 .debug_info    0x0000000000004bab      0x29a Core/Src/system_stm32f1xx.o
 .debug_info    0x0000000000004e45       0x22 Core/Startup/startup_stm32f103c8tx.o
 .debug_info    0x0000000000004e67      0x714 Drivers/STM32F1xx_HAL_Driver/Src/stm32f1xx_hal.o
 .debug_info    0x000000000000557b      0xc6c Drivers/STM32F1xx_HAL_Driver/Src/stm32f1xx_hal_adc.o
 .debug_info    0x00000000000061e7      0xa06 Drivers/STM32F1xx_HAL_Driver/Src/stm32f1xx_hal_adc_ex.o
 .debug_info    0x0000000000006bed      0xb51 Drivers/STM32F1xx_HAL_Driver/Src/stm32f1xx_hal_cortex.o
 .debug_info    0x000000000000773e      0x7b1 Drivers/STM32F1xx_HAL_Driver/Src/stm32f1xx_hal_dma.o
 .debug_info    0x0000000000007eef      0x69b Drivers/STM32F1xx_HAL_Driver/Src/stm32f1xx_hal_gpio.o
 .debug_info    0x000000000000858a      0x80f Drivers/STM32F1xx_HAL_Driver/Src/stm32f1xx_hal_rcc.o
 .debug_info    0x0000000000008d99      0x444 Drivers/STM32F1xx_HAL_Driver/Src/stm32f1xx_hal_rcc_ex.o
 .debug_info    0x00000000000091dd     0x27ef Drivers/STM32F1xx_HAL_Driver/Src/stm32f1xx_hal_tim.o
 .debug_info    0x000000000000b9cc     0x136f Drivers/STM32F1xx_HAL_Driver/Src/stm32f1xx_hal_tim_ex.o

.debug_abbrev   0x0000000000000000     0x2151
 .debug_abbrev  0x0000000000000000       0xd9 Core/Src/DWT_Delay.o
 .debug_abbrev  0x00000000000000d9      0x1c8 Core/Src/LCD16x2.o
 .debug_abbrev  0x00000000000002a1      0x100 Core/Src/LCD16x2_cfg.o
 .debug_abbrev  0x00000000000003a1      0x1f1 Core/Src/capsules.o
 .debug_abbrev  0x0000000000000592      0x276 Core/Src/main.o
 .debug_abbrev  0x0000000000000808       0xc1 Core/Src/relogio.o
 .debug_abbrev  0x00000000000008c9      0x1a6 Core/Src/stm32f1xx_hal_msp.o
 .debug_abbrev  0x0000000000000a6f      0x15a Core/Src/stm32f1xx_it.o
 .debug_abbrev  0x0000000000000bc9      0x134 Core/Src/system_stm32f1xx.o
 .debug_abbrev  0x0000000000000cfd       0x12 Core/Startup/startup_stm32f103c8tx.o
 .debug_abbrev  0x0000000000000d0f      0x1c7 Drivers/STM32F1xx_HAL_Driver/Src/stm32f1xx_hal.o
 .debug_abbrev  0x0000000000000ed6      0x1d5 Drivers/STM32F1xx_HAL_Driver/Src/stm32f1xx_hal_adc.o
 .debug_abbrev  0x00000000000010ab      0x1f5 Drivers/STM32F1xx_HAL_Driver/Src/stm32f1xx_hal_adc_ex.o
 .debug_abbrev  0x00000000000012a0      0x2d5 Drivers/STM32F1xx_HAL_Driver/Src/stm32f1xx_hal_cortex.o
 .debug_abbrev  0x0000000000001575      0x1fe Drivers/STM32F1xx_HAL_Driver/Src/stm32f1xx_hal_dma.o
 .debug_abbrev  0x0000000000001773      0x1c0 Drivers/STM32F1xx_HAL_Driver/Src/stm32f1xx_hal_gpio.o
 .debug_abbrev  0x0000000000001933      0x243 Drivers/STM32F1xx_HAL_Driver/Src/stm32f1xx_hal_rcc.o
 .debug_abbrev  0x0000000000001b76      0x175 Drivers/STM32F1xx_HAL_Driver/Src/stm32f1xx_hal_rcc_ex.o
 .debug_abbrev  0x0000000000001ceb      0x230 Drivers/STM32F1xx_HAL_Driver/Src/stm32f1xx_hal_tim.o
 .debug_abbrev  0x0000000000001f1b      0x236 Drivers/STM32F1xx_HAL_Driver/Src/stm32f1xx_hal_tim_ex.o

.debug_aranges  0x0000000000000000      0xc90
 .debug_aranges
                0x0000000000000000       0x20 Core/Src/DWT_Delay.o
 .debug_aranges
                0x0000000000000020       0x70 Core/Src/LCD16x2.o
 .debug_aranges
                0x0000000000000090       0x18 Core/Src/LCD16x2_cfg.o
 .debug_aranges
                0x00000000000000a8       0x28 Core/Src/capsules.o
 .debug_aranges
                0x00000000000000d0       0x70 Core/Src/main.o
 .debug_aranges
                0x0000000000000140       0x20 Core/Src/relogio.o
 .debug_aranges
                0x0000000000000160       0x48 Core/Src/stm32f1xx_hal_msp.o
 .debug_aranges
                0x00000000000001a8       0x78 Core/Src/stm32f1xx_it.o
 .debug_aranges
                0x0000000000000220       0x28 Core/Src/system_stm32f1xx.o
 .debug_aranges
                0x0000000000000248       0x28 Core/Startup/startup_stm32f103c8tx.o
 .debug_aranges
                0x0000000000000270       0xe0 Drivers/STM32F1xx_HAL_Driver/Src/stm32f1xx_hal.o
 .debug_aranges
                0x0000000000000350       0xf0 Drivers/STM32F1xx_HAL_Driver/Src/stm32f1xx_hal_adc.o
 .debug_aranges
                0x0000000000000440       0x80 Drivers/STM32F1xx_HAL_Driver/Src/stm32f1xx_hal_adc_ex.o
 .debug_aranges
                0x00000000000004c0      0x100 Drivers/STM32F1xx_HAL_Driver/Src/stm32f1xx_hal_cortex.o
 .debug_aranges
                0x00000000000005c0       0x80 Drivers/STM32F1xx_HAL_Driver/Src/stm32f1xx_hal_dma.o
 .debug_aranges
                0x0000000000000640       0x58 Drivers/STM32F1xx_HAL_Driver/Src/stm32f1xx_hal_gpio.o
 .debug_aranges
                0x0000000000000698       0x90 Drivers/STM32F1xx_HAL_Driver/Src/stm32f1xx_hal_rcc.o
 .debug_aranges
                0x0000000000000728       0x30 Drivers/STM32F1xx_HAL_Driver/Src/stm32f1xx_hal_rcc_ex.o
 .debug_aranges
                0x0000000000000758      0x3d0 Drivers/STM32F1xx_HAL_Driver/Src/stm32f1xx_hal_tim.o
 .debug_aranges
                0x0000000000000b28      0x168 Drivers/STM32F1xx_HAL_Driver/Src/stm32f1xx_hal_tim_ex.o

.debug_ranges   0x0000000000000000      0xb50
 .debug_ranges  0x0000000000000000       0x10 Core/Src/DWT_Delay.o
 .debug_ranges  0x0000000000000010       0x60 Core/Src/LCD16x2.o
 .debug_ranges  0x0000000000000070       0x18 Core/Src/capsules.o
 .debug_ranges  0x0000000000000088       0x60 Core/Src/main.o
 .debug_ranges  0x00000000000000e8       0x10 Core/Src/relogio.o
 .debug_ranges  0x00000000000000f8       0x38 Core/Src/stm32f1xx_hal_msp.o
 .debug_ranges  0x0000000000000130       0x68 Core/Src/stm32f1xx_it.o
 .debug_ranges  0x0000000000000198       0x18 Core/Src/system_stm32f1xx.o
 .debug_ranges  0x00000000000001b0       0x20 Core/Startup/startup_stm32f103c8tx.o
 .debug_ranges  0x00000000000001d0       0xd0 Drivers/STM32F1xx_HAL_Driver/Src/stm32f1xx_hal.o
 .debug_ranges  0x00000000000002a0       0xe0 Drivers/STM32F1xx_HAL_Driver/Src/stm32f1xx_hal_adc.o
 .debug_ranges  0x0000000000000380       0x70 Drivers/STM32F1xx_HAL_Driver/Src/stm32f1xx_hal_adc_ex.o
 .debug_ranges  0x00000000000003f0       0xf0 Drivers/STM32F1xx_HAL_Driver/Src/stm32f1xx_hal_cortex.o
 .debug_ranges  0x00000000000004e0       0x70 Drivers/STM32F1xx_HAL_Driver/Src/stm32f1xx_hal_dma.o
 .debug_ranges  0x0000000000000550       0x48 Drivers/STM32F1xx_HAL_Driver/Src/stm32f1xx_hal_gpio.o
 .debug_ranges  0x0000000000000598       0x80 Drivers/STM32F1xx_HAL_Driver/Src/stm32f1xx_hal_rcc.o
 .debug_ranges  0x0000000000000618       0x20 Drivers/STM32F1xx_HAL_Driver/Src/stm32f1xx_hal_rcc_ex.o
 .debug_ranges  0x0000000000000638      0x3c0 Drivers/STM32F1xx_HAL_Driver/Src/stm32f1xx_hal_tim.o
 .debug_ranges  0x00000000000009f8      0x158 Drivers/STM32F1xx_HAL_Driver/Src/stm32f1xx_hal_tim_ex.o

.debug_macro    0x0000000000000000    0x18a14
 .debug_macro   0x0000000000000000      0x1b7 Core/Src/DWT_Delay.o
 .debug_macro   0x00000000000001b7      0xa5a Core/Src/DWT_Delay.o
 .debug_macro   0x0000000000000c11      0x221 Core/Src/DWT_Delay.o
 .debug_macro   0x0000000000000e32       0x2e Core/Src/DWT_Delay.o
 .debug_macro   0x0000000000000e60       0x22 Core/Src/DWT_Delay.o
 .debug_macro   0x0000000000000e82       0x22 Core/Src/DWT_Delay.o
 .debug_macro   0x0000000000000ea4       0x8e Core/Src/DWT_Delay.o
 .debug_macro   0x0000000000000f32       0x51 Core/Src/DWT_Delay.o
 .debug_macro   0x0000000000000f83       0xef Core/Src/DWT_Delay.o
 .debug_macro   0x0000000000001072       0x6a Core/Src/DWT_Delay.o
 .debug_macro   0x00000000000010dc      0x1df Core/Src/DWT_Delay.o
 .debug_macro   0x00000000000012bb       0x1c Core/Src/DWT_Delay.o
 .debug_macro   0x00000000000012d7       0x22 Core/Src/DWT_Delay.o
 .debug_macro   0x00000000000012f9       0xc3 Core/Src/DWT_Delay.o
 .debug_macro   0x00000000000013bc      0xd23 Core/Src/DWT_Delay.o
 .debug_macro   0x00000000000020df     0xe097 Core/Src/DWT_Delay.o
 .debug_macro   0x0000000000010176       0x43 Core/Src/DWT_Delay.o
 .debug_macro   0x00000000000101b9     0x3468 Core/Src/DWT_Delay.o
 .debug_macro   0x0000000000013621      0x174 Core/Src/DWT_Delay.o
 .debug_macro   0x0000000000013795       0x5c Core/Src/DWT_Delay.o
 .debug_macro   0x00000000000137f1      0x5be Core/Src/DWT_Delay.o
 .debug_macro   0x0000000000013daf      0x289 Core/Src/DWT_Delay.o
 .debug_macro   0x0000000000014038      0x1cb Core/Src/DWT_Delay.o
 .debug_macro   0x0000000000014203      0x114 Core/Src/DWT_Delay.o
 .debug_macro   0x0000000000014317      0x1b2 Core/Src/DWT_Delay.o
 .debug_macro   0x00000000000144c9       0x27 Core/Src/DWT_Delay.o
 .debug_macro   0x00000000000144f0      0x136 Core/Src/DWT_Delay.o
 .debug_macro   0x0000000000014626      0x1bc Core/Src/DWT_Delay.o
 .debug_macro   0x00000000000147e2       0x34 Core/Src/DWT_Delay.o
 .debug_macro   0x0000000000014816       0x3c Core/Src/DWT_Delay.o
 .debug_macro   0x0000000000014852       0x57 Core/Src/DWT_Delay.o
 .debug_macro   0x00000000000148a9      0x46a Core/Src/DWT_Delay.o
 .debug_macro   0x0000000000014d13      0x1b5 Core/Src/DWT_Delay.o
 .debug_macro   0x0000000000014ec8       0x88 Core/Src/DWT_Delay.o
 .debug_macro   0x0000000000014f50      0x241 Core/Src/DWT_Delay.o
 .debug_macro   0x0000000000015191      0x141 Core/Src/DWT_Delay.o
 .debug_macro   0x00000000000152d2      0x8d1 Core/Src/DWT_Delay.o
 .debug_macro   0x0000000000015ba3       0x83 Core/Src/DWT_Delay.o
 .debug_macro   0x0000000000015c26      0x1cf Core/Src/LCD16x2.o
 .debug_macro   0x0000000000015df5      0x1b7 Core/Src/LCD16x2_cfg.o
 .debug_macro   0x0000000000015fac      0x30c Core/Src/capsules.o
 .debug_macro   0x00000000000162b8       0x46 Core/Src/capsules.o
 .debug_macro   0x00000000000162fe       0x18 Core/Src/capsules.o
 .debug_macro   0x0000000000016316       0x3c Core/Src/capsules.o
 .debug_macro   0x0000000000016352       0x34 Core/Src/capsules.o
 .debug_macro   0x0000000000016386       0x16 Core/Src/capsules.o
 .debug_macro   0x000000000001639c       0x35 Core/Src/capsules.o
 .debug_macro   0x00000000000163d1      0x32a Core/Src/capsules.o
 .debug_macro   0x00000000000166fb       0x10 Core/Src/capsules.o
 .debug_macro   0x000000000001670b       0x52 Core/Src/capsules.o
 .debug_macro   0x000000000001675d       0x1f Core/Src/capsules.o
 .debug_macro   0x000000000001677c       0x43 Core/Src/capsules.o
 .debug_macro   0x00000000000167bf       0x20 Core/Src/capsules.o
 .debug_macro   0x00000000000167df      0x1a3 Core/Src/capsules.o
 .debug_macro   0x0000000000016982       0x10 Core/Src/capsules.o
 .debug_macro   0x0000000000016992       0x1c Core/Src/capsules.o
 .debug_macro   0x00000000000169ae       0x52 Core/Src/capsules.o
 .debug_macro   0x0000000000016a00       0x40 Core/Src/capsules.o
 .debug_macro   0x0000000000016a40       0x10 Core/Src/capsules.o
 .debug_macro   0x0000000000016a50       0x40 Core/Src/capsules.o
 .debug_macro   0x0000000000016a90       0xd7 Core/Src/capsules.o
 .debug_macro   0x0000000000016b67       0x1c Core/Src/capsules.o
 .debug_macro   0x0000000000016b83       0x3d Core/Src/capsules.o
 .debug_macro   0x0000000000016bc0       0x16 Core/Src/capsules.o
 .debug_macro   0x0000000000016bd6      0x145 Core/Src/capsules.o
 .debug_macro   0x0000000000016d1b       0x10 Core/Src/capsules.o
 .debug_macro   0x0000000000016d2b      0x3dc Core/Src/main.o
 .debug_macro   0x0000000000017107       0xe8 Core/Src/main.o
 .debug_macro   0x00000000000171ef       0x16 Core/Src/main.o
 .debug_macro   0x0000000000017205       0x10 Core/Src/main.o
 .debug_macro   0x0000000000017215       0x10 Core/Src/main.o
 .debug_macro   0x0000000000017225       0x35 Core/Src/main.o
 .debug_macro   0x000000000001725a       0x16 Core/Src/main.o
 .debug_macro   0x0000000000017270       0x20 Core/Src/main.o
 .debug_macro   0x0000000000017290       0x16 Core/Src/main.o
 .debug_macro   0x00000000000172a6       0x16 Core/Src/main.o
 .debug_macro   0x00000000000172bc       0x29 Core/Src/main.o
 .debug_macro   0x00000000000172e5       0x6d Core/Src/relogio.o
 .debug_macro   0x0000000000017352      0x1bc Core/Src/stm32f1xx_hal_msp.o
 .debug_macro   0x000000000001750e      0x1c6 Core/Src/stm32f1xx_it.o
 .debug_macro   0x00000000000176d4      0x1ad Core/Src/system_stm32f1xx.o
 .debug_macro   0x0000000000017881      0x1d1 Drivers/STM32F1xx_HAL_Driver/Src/stm32f1xx_hal.o
 .debug_macro   0x0000000000017a52      0x1ca Drivers/STM32F1xx_HAL_Driver/Src/stm32f1xx_hal_adc.o
 .debug_macro   0x0000000000017c1c      0x1bf Drivers/STM32F1xx_HAL_Driver/Src/stm32f1xx_hal_adc_ex.o
 .debug_macro   0x0000000000017ddb      0x1ad Drivers/STM32F1xx_HAL_Driver/Src/stm32f1xx_hal_cortex.o
 .debug_macro   0x0000000000017f88      0x1ad Drivers/STM32F1xx_HAL_Driver/Src/stm32f1xx_hal_dma.o
 .debug_macro   0x0000000000018135      0x218 Drivers/STM32F1xx_HAL_Driver/Src/stm32f1xx_hal_gpio.o
 .debug_macro   0x000000000001834d      0x1bf Drivers/STM32F1xx_HAL_Driver/Src/stm32f1xx_hal_rcc.o
 .debug_macro   0x000000000001850c      0x1ad Drivers/STM32F1xx_HAL_Driver/Src/stm32f1xx_hal_rcc_ex.o
 .debug_macro   0x00000000000186b9      0x1ae Drivers/STM32F1xx_HAL_Driver/Src/stm32f1xx_hal_tim.o
 .debug_macro   0x0000000000018867      0x1ad Drivers/STM32F1xx_HAL_Driver/Src/stm32f1xx_hal_tim_ex.o

.debug_line     0x0000000000000000     0xc115
 .debug_line    0x0000000000000000      0x695 Core/Src/DWT_Delay.o
 .debug_line    0x0000000000000695      0x7e5 Core/Src/LCD16x2.o
 .debug_line    0x0000000000000e7a      0x67a Core/Src/LCD16x2_cfg.o
 .debug_line    0x00000000000014f4      0x8ad Core/Src/capsules.o
 .debug_line    0x0000000000001da1      0xc3a Core/Src/main.o
 .debug_line    0x00000000000029db      0x3c2 Core/Src/relogio.o
 .debug_line    0x0000000000002d9d      0x729 Core/Src/stm32f1xx_hal_msp.o
 .debug_line    0x00000000000034c6      0x76a Core/Src/stm32f1xx_it.o
 .debug_line    0x0000000000003c30      0x6b8 Core/Src/system_stm32f1xx.o
 .debug_line    0x00000000000042e8       0x84 Core/Startup/startup_stm32f103c8tx.o
 .debug_line    0x000000000000436c      0x86b Drivers/STM32F1xx_HAL_Driver/Src/stm32f1xx_hal.o
 .debug_line    0x0000000000004bd7      0xbbc Drivers/STM32F1xx_HAL_Driver/Src/stm32f1xx_hal_adc.o
 .debug_line    0x0000000000005793      0x9ff Drivers/STM32F1xx_HAL_Driver/Src/stm32f1xx_hal_adc_ex.o
 .debug_line    0x0000000000006192      0x942 Drivers/STM32F1xx_HAL_Driver/Src/stm32f1xx_hal_cortex.o
 .debug_line    0x0000000000006ad4      0xad0 Drivers/STM32F1xx_HAL_Driver/Src/stm32f1xx_hal_dma.o
 .debug_line    0x00000000000075a4      0x867 Drivers/STM32F1xx_HAL_Driver/Src/stm32f1xx_hal_gpio.o
 .debug_line    0x0000000000007e0b      0x92b Drivers/STM32F1xx_HAL_Driver/Src/stm32f1xx_hal_rcc.o
 .debug_line    0x0000000000008736      0x749 Drivers/STM32F1xx_HAL_Driver/Src/stm32f1xx_hal_rcc_ex.o
 .debug_line    0x0000000000008e7f     0x1fc4 Drivers/STM32F1xx_HAL_Driver/Src/stm32f1xx_hal_tim.o
 .debug_line    0x000000000000ae43     0x12d2 Drivers/STM32F1xx_HAL_Driver/Src/stm32f1xx_hal_tim_ex.o

.debug_str      0x0000000000000000    0x8df3b
 .debug_str     0x0000000000000000    0x85a62 Core/Src/DWT_Delay.o
                                      0x85db3 (size before relaxing)
 .debug_str     0x0000000000085a62      0x216 Core/Src/LCD16x2.o
                                      0x85f8e (size before relaxing)
 .debug_str     0x0000000000085c78       0x1a Core/Src/LCD16x2_cfg.o
                                      0x85d53 (size before relaxing)
 .debug_str     0x0000000000085c92     0x4171 Core/Src/capsules.o
                                      0x89eac (size before relaxing)
 .debug_str     0x0000000000089e03     0x17d5 Core/Src/main.o
                                      0x8b896 (size before relaxing)
 .debug_str     0x000000000008b5d8       0x30 Core/Src/relogio.o
                                       0x3c34 (size before relaxing)
 .debug_str     0x000000000008b608       0xbc Core/Src/stm32f1xx_hal_msp.o
                                      0x8701a (size before relaxing)
 .debug_str     0x000000000008b6c4       0xf6 Core/Src/stm32f1xx_it.o
                                      0x86b87 (size before relaxing)
 .debug_str     0x000000000008b7ba       0x52 Core/Src/system_stm32f1xx.o
                                      0x85d38 (size before relaxing)
 .debug_str     0x000000000008b80c       0x36 Core/Startup/startup_stm32f103c8tx.o
                                         0x60 (size before relaxing)
 .debug_str     0x000000000008b842      0x2ff Drivers/STM32F1xx_HAL_Driver/Src/stm32f1xx_hal.o
                                      0x863c9 (size before relaxing)
 .debug_str     0x000000000008bb41      0x342 Drivers/STM32F1xx_HAL_Driver/Src/stm32f1xx_hal_adc.o
                                      0x863c8 (size before relaxing)
 .debug_str     0x000000000008be83      0x2fb Drivers/STM32F1xx_HAL_Driver/Src/stm32f1xx_hal_adc_ex.o
                                      0x8637d (size before relaxing)
 .debug_str     0x000000000008c17e      0x2f0 Drivers/STM32F1xx_HAL_Driver/Src/stm32f1xx_hal_cortex.o
                                      0x863d1 (size before relaxing)
 .debug_str     0x000000000008c46e      0x235 Drivers/STM32F1xx_HAL_Driver/Src/stm32f1xx_hal_dma.o
                                      0x86113 (size before relaxing)
 .debug_str     0x000000000008c6a3      0x31f Drivers/STM32F1xx_HAL_Driver/Src/stm32f1xx_hal_gpio.o
                                      0x860fc (size before relaxing)
 .debug_str     0x000000000008c9c2      0x24f Drivers/STM32F1xx_HAL_Driver/Src/stm32f1xx_hal_rcc.o
                                      0x86135 (size before relaxing)
 .debug_str     0x000000000008cc11       0xb9 Drivers/STM32F1xx_HAL_Driver/Src/stm32f1xx_hal_rcc_ex.o
                                      0x85ec2 (size before relaxing)
 .debug_str     0x000000000008ccca      0xd5a Drivers/STM32F1xx_HAL_Driver/Src/stm32f1xx_hal_tim.o
                                      0x87107 (size before relaxing)
 .debug_str     0x000000000008da24      0x517 Drivers/STM32F1xx_HAL_Driver/Src/stm32f1xx_hal_tim_ex.o
                                      0x868e1 (size before relaxing)

.comment        0x0000000000000000       0x7b
 .comment       0x0000000000000000       0x7b Core/Src/DWT_Delay.o
                                         0x7c (size before relaxing)
 .comment       0x000000000000007b       0x7c Core/Src/LCD16x2.o
 .comment       0x000000000000007b       0x7c Core/Src/LCD16x2_cfg.o
 .comment       0x000000000000007b       0x7c Core/Src/capsules.o
 .comment       0x000000000000007b       0x7c Core/Src/main.o
 .comment       0x000000000000007b       0x7c Core/Src/relogio.o
 .comment       0x000000000000007b       0x7c Core/Src/stm32f1xx_hal_msp.o
 .comment       0x000000000000007b       0x7c Core/Src/stm32f1xx_it.o
 .comment       0x000000000000007b       0x7c Core/Src/system_stm32f1xx.o
 .comment       0x000000000000007b       0x7c Drivers/STM32F1xx_HAL_Driver/Src/stm32f1xx_hal.o
 .comment       0x000000000000007b       0x7c Drivers/STM32F1xx_HAL_Driver/Src/stm32f1xx_hal_adc.o
 .comment       0x000000000000007b       0x7c Drivers/STM32F1xx_HAL_Driver/Src/stm32f1xx_hal_adc_ex.o
 .comment       0x000000000000007b       0x7c Drivers/STM32F1xx_HAL_Driver/Src/stm32f1xx_hal_cortex.o
 .comment       0x000000000000007b       0x7c Drivers/STM32F1xx_HAL_Driver/Src/stm32f1xx_hal_dma.o
 .comment       0x000000000000007b       0x7c Drivers/STM32F1xx_HAL_Driver/Src/stm32f1xx_hal_gpio.o
 .comment       0x000000000000007b       0x7c Drivers/STM32F1xx_HAL_Driver/Src/stm32f1xx_hal_rcc.o
 .comment       0x000000000000007b       0x7c Drivers/STM32F1xx_HAL_Driver/Src/stm32f1xx_hal_rcc_ex.o
 .comment       0x000000000000007b       0x7c Drivers/STM32F1xx_HAL_Driver/Src/stm32f1xx_hal_tim.o
 .comment       0x000000000000007b       0x7c Drivers/STM32F1xx_HAL_Driver/Src/stm32f1xx_hal_tim_ex.o

.debug_frame    0x0000000000000000     0x3704
 .debug_frame   0x0000000000000000       0x30 Core/Src/DWT_Delay.o
 .debug_frame   0x0000000000000030      0x184 Core/Src/LCD16x2.o
 .debug_frame   0x00000000000001b4       0x54 Core/Src/capsules.o
 .debug_frame   0x0000000000000208      0x198 Core/Src/main.o
 .debug_frame   0x00000000000003a0       0x34 Core/Src/relogio.o
 .debug_frame   0x00000000000003d4       0xec Core/Src/stm32f1xx_hal_msp.o
 .debug_frame   0x00000000000004c0      0x160 Core/Src/stm32f1xx_it.o
 .debug_frame   0x0000000000000620       0x58 Core/Src/system_stm32f1xx.o
 .debug_frame   0x0000000000000678      0x334 Drivers/STM32F1xx_HAL_Driver/Src/stm32f1xx_hal.o
 .debug_frame   0x00000000000009ac      0x40c Drivers/STM32F1xx_HAL_Driver/Src/stm32f1xx_hal_adc.o
 .debug_frame   0x0000000000000db8      0x204 Drivers/STM32F1xx_HAL_Driver/Src/stm32f1xx_hal_adc_ex.o
 .debug_frame   0x0000000000000fbc      0x428 Drivers/STM32F1xx_HAL_Driver/Src/stm32f1xx_hal_cortex.o
 .debug_frame   0x00000000000013e4      0x208 Drivers/STM32F1xx_HAL_Driver/Src/stm32f1xx_hal_dma.o
 .debug_frame   0x00000000000015ec      0x14c Drivers/STM32F1xx_HAL_Driver/Src/stm32f1xx_hal_gpio.o
 .debug_frame   0x0000000000001738      0x21c Drivers/STM32F1xx_HAL_Driver/Src/stm32f1xx_hal_rcc.o
 .debug_frame   0x0000000000001954       0x84 Drivers/STM32F1xx_HAL_Driver/Src/stm32f1xx_hal_rcc_ex.o
 .debug_frame   0x00000000000019d8     0x11b8 Drivers/STM32F1xx_HAL_Driver/Src/stm32f1xx_hal_tim.o
 .debug_frame   0x0000000000002b90      0x638 Drivers/STM32F1xx_HAL_Driver/Src/stm32f1xx_hal_tim_ex.o
 .debug_frame   0x00000000000031c8       0x30 c:/st/stm32cubeide_1.5.0/stm32cubeide/plugins/com.st.stm32cube.ide.mcu.externaltools.gnu-tools-for-stm32.7-2018-q2-update.win32_1.5.0.202011040924/tools/bin/../lib/gcc/arm-none-eabi/7.3.1/../../../../arm-none-eabi/lib/thumb/v7-m\libc_nano.a(lib_a-atoi.o)
 .debug_frame   0x00000000000031f8       0x2c c:/st/stm32cubeide_1.5.0/stm32cubeide/plugins/com.st.stm32cube.ide.mcu.externaltools.gnu-tools-for-stm32.7-2018-q2-update.win32_1.5.0.202011040924/tools/bin/../lib/gcc/arm-none-eabi/7.3.1/../../../../arm-none-eabi/lib/thumb/v7-m\libc_nano.a(lib_a-init.o)
 .debug_frame   0x0000000000003224       0x38 c:/st/stm32cubeide_1.5.0/stm32cubeide/plugins/com.st.stm32cube.ide.mcu.externaltools.gnu-tools-for-stm32.7-2018-q2-update.win32_1.5.0.202011040924/tools/bin/../lib/gcc/arm-none-eabi/7.3.1/../../../../arm-none-eabi/lib/thumb/v7-m\libc_nano.a(lib_a-itoa.o)
 .debug_frame   0x000000000000325c       0x20 c:/st/stm32cubeide_1.5.0/stm32cubeide/plugins/com.st.stm32cube.ide.mcu.externaltools.gnu-tools-for-stm32.7-2018-q2-update.win32_1.5.0.202011040924/tools/bin/../lib/gcc/arm-none-eabi/7.3.1/../../../../arm-none-eabi/lib/thumb/v7-m\libc_nano.a(lib_a-memset.o)
 .debug_frame   0x000000000000327c       0x20 c:/st/stm32cubeide_1.5.0/stm32cubeide/plugins/com.st.stm32cube.ide.mcu.externaltools.gnu-tools-for-stm32.7-2018-q2-update.win32_1.5.0.202011040924/tools/bin/../lib/gcc/arm-none-eabi/7.3.1/../../../../arm-none-eabi/lib/thumb/v7-m\libc_nano.a(lib_a-strcmp.o)
 .debug_frame   0x000000000000329c       0x20 c:/st/stm32cubeide_1.5.0/stm32cubeide/plugins/com.st.stm32cube.ide.mcu.externaltools.gnu-tools-for-stm32.7-2018-q2-update.win32_1.5.0.202011040924/tools/bin/../lib/gcc/arm-none-eabi/7.3.1/../../../../arm-none-eabi/lib/thumb/v7-m\libc_nano.a(lib_a-strcpy.o)
 .debug_frame   0x00000000000032bc       0x84 c:/st/stm32cubeide_1.5.0/stm32cubeide/plugins/com.st.stm32cube.ide.mcu.externaltools.gnu-tools-for-stm32.7-2018-q2-update.win32_1.5.0.202011040924/tools/bin/../lib/gcc/arm-none-eabi/7.3.1/../../../../arm-none-eabi/lib/thumb/v7-m\libc_nano.a(lib_a-strtol.o)
 .debug_frame   0x0000000000003340       0x48 c:/st/stm32cubeide_1.5.0/stm32cubeide/plugins/com.st.stm32cube.ide.mcu.externaltools.gnu-tools-for-stm32.7-2018-q2-update.win32_1.5.0.202011040924/tools/bin/../lib/gcc/arm-none-eabi/7.3.1/../../../../arm-none-eabi/lib/thumb/v7-m\libc_nano.a(lib_a-utoa.o)
 .debug_frame   0x0000000000003388       0x68 c:/st/stm32cubeide_1.5.0/stm32cubeide/plugins/com.st.stm32cube.ide.mcu.externaltools.gnu-tools-for-stm32.7-2018-q2-update.win32_1.5.0.202011040924/tools/bin/../lib/gcc/arm-none-eabi/7.3.1/../../../../arm-none-eabi/lib/thumb/v7-m\libc_nano.a(lib_a-locale.o)
 .debug_frame   0x00000000000033f0       0x48 c:/st/stm32cubeide_1.5.0/stm32cubeide/plugins/com.st.stm32cube.ide.mcu.externaltools.gnu-tools-for-stm32.7-2018-q2-update.win32_1.5.0.202011040924/tools/bin/../lib/gcc/arm-none-eabi/7.3.1/../../../../arm-none-eabi/lib/thumb/v7-m\libc_nano.a(lib_a-mbtowc_r.o)
 .debug_frame   0x0000000000003438       0x3c c:/st/stm32cubeide_1.5.0/stm32cubeide/plugins/com.st.stm32cube.ide.mcu.externaltools.gnu-tools-for-stm32.7-2018-q2-update.win32_1.5.0.202011040924/tools/bin/../lib/gcc/arm-none-eabi/7.3.1/../../../../arm-none-eabi/lib/thumb/v7-m\libc_nano.a(lib_a-wctomb_r.o)
 .debug_frame   0x0000000000003474       0xac c:/st/stm32cubeide_1.5.0/stm32cubeide/plugins/com.st.stm32cube.ide.mcu.externaltools.gnu-tools-for-stm32.7-2018-q2-update.win32_1.5.0.202011040924/tools/bin/../lib/gcc/arm-none-eabi/7.3.1/thumb/v7-m\libgcc.a(_arm_addsubdf3.o)
 .debug_frame   0x0000000000003520       0x50 c:/st/stm32cubeide_1.5.0/stm32cubeide/plugins/com.st.stm32cube.ide.mcu.externaltools.gnu-tools-for-stm32.7-2018-q2-update.win32_1.5.0.202011040924/tools/bin/../lib/gcc/arm-none-eabi/7.3.1/thumb/v7-m\libgcc.a(_arm_muldivdf3.o)
 .debug_frame   0x0000000000003570       0x24 c:/st/stm32cubeide_1.5.0/stm32cubeide/plugins/com.st.stm32cube.ide.mcu.externaltools.gnu-tools-for-stm32.7-2018-q2-update.win32_1.5.0.202011040924/tools/bin/../lib/gcc/arm-none-eabi/7.3.1/thumb/v7-m\libgcc.a(_arm_fixunsdfsi.o)
 .debug_frame   0x0000000000003594       0x4c c:/st/stm32cubeide_1.5.0/stm32cubeide/plugins/com.st.stm32cube.ide.mcu.externaltools.gnu-tools-for-stm32.7-2018-q2-update.win32_1.5.0.202011040924/tools/bin/../lib/gcc/arm-none-eabi/7.3.1/thumb/v7-m\libgcc.a(_arm_addsubsf3.o)
 .debug_frame   0x00000000000035e0       0x38 c:/st/stm32cubeide_1.5.0/stm32cubeide/plugins/com.st.stm32cube.ide.mcu.externaltools.gnu-tools-for-stm32.7-2018-q2-update.win32_1.5.0.202011040924/tools/bin/../lib/gcc/arm-none-eabi/7.3.1/thumb/v7-m\libgcc.a(_arm_muldivsf3.o)
 .debug_frame   0x0000000000003618       0xc8 c:/st/stm32cubeide_1.5.0/stm32cubeide/plugins/com.st.stm32cube.ide.mcu.externaltools.gnu-tools-for-stm32.7-2018-q2-update.win32_1.5.0.202011040924/tools/bin/../lib/gcc/arm-none-eabi/7.3.1/thumb/v7-m\libgcc.a(_arm_cmpsf2.o)
 .debug_frame   0x00000000000036e0       0x24 c:/st/stm32cubeide_1.5.0/stm32cubeide/plugins/com.st.stm32cube.ide.mcu.externaltools.gnu-tools-for-stm32.7-2018-q2-update.win32_1.5.0.202011040924/tools/bin/../lib/gcc/arm-none-eabi/7.3.1/thumb/v7-m\libgcc.a(_arm_fixunssfsi.o)
